Archive member included to satisfy reference by file (symbol)

app/libapp.a(main.c.obj)      (--whole-archive)
zephyr/libzephyr.a(validate_libc.c.obj)
                              (--whole-archive)
zephyr/libzephyr.a(heap.c.obj)
                              (--whole-archive)
zephyr/libzephyr.a(boot_banner.c.obj)
                              (--whole-archive)
zephyr/libzephyr.a(cbprintf_packaged.c.obj)
                              (--whole-archive)
zephyr/libzephyr.a(clock.c.obj)
                              (--whole-archive)
zephyr/libzephyr.a(printk.c.obj)
                              (--whole-archive)
zephyr/libzephyr.a(cbprintf_complete.c.obj)
                              (--whole-archive)
zephyr/libzephyr.a(assert.c.obj)
                              (--whole-archive)
zephyr/libzephyr.a(atomic_c.c.obj)
                              (--whole-archive)
zephyr/libzephyr.a(dec.c.obj)
                              (--whole-archive)
zephyr/libzephyr.a(hex.c.obj)
                              (--whole-archive)
zephyr/libzephyr.a(rb.c.obj)  (--whole-archive)
zephyr/libzephyr.a(set.c.obj)
                              (--whole-archive)
zephyr/libzephyr.a(timeutil.c.obj)
                              (--whole-archive)
zephyr/libzephyr.a(bitarray.c.obj)
                              (--whole-archive)
zephyr/libzephyr.a(bitmask.c.obj)
                              (--whole-archive)
zephyr/libzephyr.a(getopt.c.obj)
                              (--whole-archive)
zephyr/libzephyr.a(getopt_common.c.obj)
                              (--whole-archive)
zephyr/libzephyr.a(ring_buffer.c.obj)
                              (--whole-archive)
zephyr/libzephyr.a(last_section_id.c.obj)
                              (--whole-archive)
zephyr/libzephyr.a(configs.c.obj)
                              (--whole-archive)
zephyr/libzephyr.a(stm32cube_hal.c.obj)
                              (--whole-archive)
zephyr/libzephyr.a(soc_config.c.obj)
                              (--whole-archive)
zephyr/libzephyr.a(gpioport_mgr.c.obj)
                              (--whole-archive)
zephyr/libzephyr.a(stm32_backup_domain.c.obj)
                              (--whole-archive)
zephyr/libzephyr.a(soc.c.obj)
                              (--whole-archive)
zephyr/libzephyr.a(mem_attr.c.obj)
                              (--whole-archive)
zephyr/libzephyr.a(tracing_none.c.obj)
                              (--whole-archive)
zephyr/libzephyr.a(sem.c.obj)
                              (--whole-archive)
zephyr/libzephyr.a(thread_entry.c.obj)
                              (--whole-archive)
zephyr/arch/common/libarch__common.a(sw_isr_common.c.obj)
                              (--whole-archive)
zephyr/arch/common/libarch__common.a(init.c.obj)
                              (--whole-archive)
zephyr/arch/common/libarch__common.a(xip.c.obj)
                              (--whole-archive)
zephyr/arch/arch/arm/core/libarch__arm__core.a(fatal.c.obj)
                              (--whole-archive)
zephyr/arch/arch/arm/core/libarch__arm__core.a(nmi.c.obj)
                              (--whole-archive)
zephyr/arch/arch/arm/core/libarch__arm__core.a(nmi_on_reset.S.obj)
                              (--whole-archive)
zephyr/arch/arch/arm/core/libarch__arm__core.a(tls.c.obj)
                              (--whole-archive)
zephyr/arch/arch/arm/core/cortex_m/libarch__arm__core__cortex_m.a(fault.c.obj)
                              (--whole-archive)
zephyr/arch/arch/arm/core/cortex_m/libarch__arm__core__cortex_m.a(fault_s.S.obj)
                              (--whole-archive)
zephyr/arch/arch/arm/core/cortex_m/libarch__arm__core__cortex_m.a(fpu.c.obj)
                              (--whole-archive)
zephyr/arch/arch/arm/core/cortex_m/libarch__arm__core__cortex_m.a(reset.S.obj)
                              (--whole-archive)
zephyr/arch/arch/arm/core/cortex_m/libarch__arm__core__cortex_m.a(scb.c.obj)
                              (--whole-archive)
zephyr/arch/arch/arm/core/cortex_m/libarch__arm__core__cortex_m.a(vector_table.S.obj)
                              (--whole-archive)
zephyr/arch/arch/arm/core/cortex_m/libarch__arm__core__cortex_m.a(svc.S.obj)
                              (--whole-archive)
zephyr/arch/arch/arm/core/cortex_m/libarch__arm__core__cortex_m.a(irq_manage.c.obj)
                              (--whole-archive)
zephyr/arch/arch/arm/core/cortex_m/libarch__arm__core__cortex_m.a(prep_c.c.obj)
                              (--whole-archive)
zephyr/arch/arch/arm/core/cortex_m/libarch__arm__core__cortex_m.a(thread.c.obj)
                              (--whole-archive)
zephyr/arch/arch/arm/core/cortex_m/libarch__arm__core__cortex_m.a(cpu_idle.c.obj)
                              (--whole-archive)
zephyr/arch/arch/arm/core/cortex_m/libarch__arm__core__cortex_m.a(exc_exit.c.obj)
                              (--whole-archive)
zephyr/arch/arch/arm/core/cortex_m/libarch__arm__core__cortex_m.a(thread_abort.c.obj)
[...]
Memory Configuration

Name             Origin             Length             Attributes
FLASH            0x08000000         0x00020000         xr
RAM              0x20000000         0x00009000         xw
SRAM0            0x20000000         0x00009000         rw
IDT_LIST         0xffff7fff         0x00008000         xw
*default*        0x00000000         0xffffffff

Linker script and memory map

                0x08002260                        vfprintf = __l_vfprintf
                0x00000000                        vfscanf = __l_vfscanf
LOAD zephyr/CMakeFiles/zephyr_final.dir/misc/empty_file.c.obj
LOAD zephyr/CMakeFiles/zephyr_final.dir/isr_tables.c.obj
LOAD zephyr/CMakeFiles/offsets.dir/./arch/arm/core/offsets/offsets.c.obj
LOAD app/libapp.a
LOAD zephyr/libzephyr.a
LOAD zephyr/arch/common/libarch__common.a
LOAD zephyr/arch/arch/arm/core/libarch__arm__core.a
LOAD zephyr/arch/arch/arm/core/cortex_m/libarch__arm__core__cortex_m.a
LOAD zephyr/arch/arch/arm/core/mpu/libarch__arm__core__mpu.a
LOAD zephyr/lib/libc/picolibc/liblib__libc__picolibc.a
LOAD zephyr/lib/libc/common/liblib__libc__common.a
LOAD zephyr/subsys/portability/posix/c_lib_ext/libsubsys__portability__posix__c_lib_ext.a
LOAD zephyr/drivers/interrupt_controller/libdrivers__interrupt_controller.a
LOAD zephyr/drivers/clock_control/libdrivers__clock_control.a
LOAD zephyr/drivers/console/libdrivers__console.a
LOAD zephyr/drivers/pinctrl/libdrivers__pinctrl.a
LOAD zephyr/drivers/reset/libdrivers__reset.a
LOAD zephyr/drivers/serial/libdrivers__serial.a
LOAD zephyr/drivers/timer/libdrivers__timer.a
LOAD modules/hal_stm32/stm32cube/lib..__modules__hal__stm32__stm32cube.a
LOAD zephyr/kernel/libkernel.a
LOAD zephyr/arch/common/libisr_tables.a
LOAD C:/zephyrproject/zephyr-sdk-1.0.1/gnu/arm-zephyr-eabi/bin/../lib/gcc/arm-zephyr-eabi/14.3.0/../../../../arm-zephyr-eabi/lib/thumb/v6-m/nofp/space\libc.a
LOAD C:/zephyrproject/zephyr-sdk-1.0.1/gnu/arm-zephyr-eabi/bin/../lib/gcc/arm-zephyr-eabi/14.3.0/thumb/v6-m/nofp/space\libgcc.a
                0x00000100                        _region_min_align = 0x100

.rel.plt        0x08000000        0x0
 *(SORT_BY_ALIGNMENT(.rel.plt))
                [!provide]                        PROVIDE (__rel_iplt_start = .)
 *(SORT_BY_ALIGNMENT(.rel.iplt))
 .rel.iplt      0x08000000        0x0 zephyr/CMakeFiles/zephyr_final.dir/isr_tables.c.obj
                [!provide]                        PROVIDE (__rel_iplt_end = .)

.rela.plt       0x00000000        0x0
 *(SORT_BY_ALIGNMENT(.rela.plt))
                [!provide]                        PROVIDE (__rela_iplt_start = .)
 *(SORT_BY_ALIGNMENT(.rela.iplt))
                [!provide]                        PROVIDE (__rela_iplt_end = .)

.rel.dyn
 *(SORT_BY_ALIGNMENT(.rel.*))

.rela.dyn
 *(SORT_BY_ALIGNMENT(.rela.*))

/DISCARD/
 *(SORT_BY_ALIGNMENT(.plt))

/DISCARD/
 *(SORT_BY_ALIGNMENT(.iplt))
                0x08000000                        __rom_region_start = 0x8000000

rom_start       0x08000000       0xb4
                0x08000000                        __rom_start_address = .
 FILL mask 0x00
                0x08000000                        . = (. + (0x0 - (. - __rom_start_address)))
                0x08000000                        . = ALIGN (0x4)
                0x08000000                        . = ALIGN (0x100)
                0x08000000                        . = ALIGN (0x100)
                0x08000000                        _vector_start = .
 *(SORT_BY_ALIGNMENT(.exc_vector_table))
 *(SORT_BY_ALIGNMENT(.exc_vector_table.*))
 .exc_vector_table._vector_table_section
                0x08000000       0x40 zephyr/arch/arch/arm/core/cortex_m/libarch__arm__core__cortex_m.a(vector_table.S.obj)
                0x08000000                _vector_table
 *(SORT_BY_ALIGNMENT(.vectors))
                0x080000b4                        _vector_end = .
                0x08000040                        . = ALIGN (0x4)
 *(SORT_BY_ALIGNMENT(.gnu.linkonce.irq_vector_table*))
 .gnu.linkonce.irq_vector_table
                0x08000040       0x74 zephyr/CMakeFiles/zephyr_final.dir/isr_tables.c.obj
                0x08000040                _irq_vector_table
                0x080000b4                        _vector_end = .

text            0x080000b4     0x2ddc
                0x080000b4                        __text_region_start = .
 *(SORT_BY_ALIGNMENT(.text))
 .text          0x080000b4       0x14 C:/zephyrproject/zephyr-sdk-1.0.1/gnu/arm-zephyr-eabi/bin/../lib/gcc/arm-zephyr-eabi/14.3.0/thumb/v6-m/nofp/space\libgcc.a(_thumb1_case_uqi.o)
                0x080000b4                __gnu_thumb1_case_uqi
 .text          0x080000c8       0x8c C:/zephyrproject/zephyr-sdk-1.0.1/gnu/arm-zephyr-eabi/bin/../lib/gcc/arm-zephyr-eabi/14.3.0/thumb/v6-m/nofp/space\libgcc.a(_udivsi3.o)
                0x080000c8                __aeabi_uidiv
                0x080000c8                __udivsi3
                0x08000140                __aeabi_uidivmod
 .text          0x08000154        0x4 C:/zephyrproject/zephyr-sdk-1.0.1/gnu/arm-zephyr-eabi/bin/../lib/gcc/arm-zephyr-eabi/14.3.0/thumb/v6-m/nofp/space\libgcc.a(_dvmd_tls.o)
                0x08000154                __aeabi_idiv0
                0x08000154                __aeabi_ldiv0
 .text          0x08000158       0x3c C:/zephyrproject/zephyr-sdk-1.0.1/gnu/arm-zephyr-eabi/bin/../lib/gcc/arm-zephyr-eabi/14.3.0/thumb/v6-m/nofp/space\libgcc.a(_clzsi2.o)
                0x08000158                __clzsi2
 .text          0x08000194       0x44 C:/zephyrproject/zephyr-sdk-1.0.1/gnu/arm-zephyr-eabi/bin/../lib/gcc/arm-zephyr-eabi/14.3.0/thumb/v6-m/nofp/space\libgcc.a(_muldi3.o)
                0x08000194                __muldi3
                0x08000194                __aeabi_lmul
 *(SORT_BY_ALIGNMENT(.text.*))
 .text.main     0x080001d8       0x10 app/libapp.a(main.c.obj)
                0x080001d8                main
 .text.boot_banner
                0x080001e8       0x10 zephyr/libzephyr.a(boot_banner.c.obj)
 .text.char_out
                0x080001f8       0x10 zephyr/libzephyr.a(printk.c.obj)
 .text.__printk_hook_install
                0x08000208        0xc zephyr/libzephyr.a(printk.c.obj)
                0x08000208                __printk_hook_install
 .text.vprintk  0x08000214       0x2c zephyr/libzephyr.a(printk.c.obj)
                0x08000214                vprintk
 .text.st_stm32_common_config
                0x08000240       0x3c zephyr/libzephyr.a(soc_config.c.obj)
 .text.stm32_gpioport_init
                0x0800027c       0x28 zephyr/libzephyr.a(gpioport_mgr.c.obj)
 .text.stm32_gpioport_get
                0x080002a4       0x24 zephyr/libzephyr.a(gpioport_mgr.c.obj)
                0x080002a4                stm32_gpioport_get
 .text.soc_early_init_hook
                0x080002c8       0x54 zephyr/libzephyr.a(soc.c.obj)
                0x080002c8                soc_early_init_hook
 .text.mem_attr_get_regions
                0x0800031c        0xc zephyr/libzephyr.a(mem_attr.c.obj)
                0x0800031c                mem_attr_get_regions
 .text.z_thread_entry
                0x08000328       0x30 zephyr/libzephyr.a(thread_entry.c.obj)
                0x08000328                z_thread_entry
 .text.arch_bss_zero
                0x08000358       0x18 zephyr/arch/common/libarch__common.a(init.c.obj)
                0x08000358                arch_bss_zero
 .text.arch_data_copy
                0x08000370       0x34 zephyr/arch/common/libarch__common.a(xip.c.obj)
                0x08000370                arch_data_copy
 .text.z_arm_fatal_error
                0x080003a4       0x60 zephyr/arch/arch/arm/core/libarch__arm__core.a(fatal.c.obj)
                0x080003a4                z_arm_fatal_error
 .text.z_SysNmiOnReset
                0x08000404        0x4 zephyr/arch/arch/arm/core/libarch__arm__core.a(nmi_on_reset.S.obj)
                0x08000404                z_SysNmiOnReset
 .text.arch_tls_stack_setup
                0x08000408       0x38 zephyr/arch/arch/arm/core/libarch__arm__core.a(tls.c.obj)
                0x08000408                arch_tls_stack_setup
 .text.z_arm_fault
                0x08000440       0xf8 zephyr/arch/arch/arm/core/cortex_m/libarch__arm__core__cortex_m.a(fault.c.obj)
                0x08000440                z_arm_fault
 .text.z_arm_fault_init
                0x08000538       0x10 zephyr/arch/arch/arm/core/cortex_m/libarch__arm__core__cortex_m.a(fault.c.obj)
                0x08000538                z_arm_fault_init
 .text.__fault  0x08000548       0x14 zephyr/arch/arch/arm/core/cortex_m/libarch__arm__core__cortex_m.a(fault_s.S.obj)
                0x08000548                z_arm_hard_fault
                0x08000548                z_arm_exc_spurious
 .text._reset_section
                0x0800055c       0x34 zephyr/arch/arch/arm/core/cortex_m/libarch__arm__core__cortex_m.a(reset.S.obj)
                0x0800055c                __start
                0x0800055c                z_arm_reset
 .text.z_arm_svc
                0x08000590       0x28 zephyr/arch/arch/arm/core/cortex_m/libarch__arm__core__cortex_m.a(svc.S.obj)
                0x08000590                z_arm_svc
 .text.arm_irq_enable
                0x080005b8       0x18 zephyr/arch/arch/arm/core/cortex_m/libarch__arm__core__cortex_m.a(irq_manage.c.obj)
                0x080005b8                arm_irq_enable
 .text.arm_irq_priority_set
                0x080005d0       0x54 zephyr/arch/arch/arm/core/cortex_m/libarch__arm__core__cortex_m.a(irq_manage.c.obj)
                0x080005d0                arm_irq_priority_set
 .text.relocate_vector_table
                0x08000624       0x1c zephyr/arch/arch/arm/core/cortex_m/libarch__arm__core__cortex_m.a(prep_c.c.obj)
                0x08000624                relocate_vector_table
 .text.arch_new_thread
                0x08000640       0x2c zephyr/arch/arch/arm/core/cortex_m/libarch__arm__core__cortex_m.a(thread.c.obj)
                0x08000640                arch_new_thread
 .text.arch_switch_to_main_thread
                0x0800066c       0x38 zephyr/arch/arch/arm/core/cortex_m/libarch__arm__core__cortex_m.a(thread.c.obj)
                0x0800066c                arch_switch_to_main_thread
 .text.z_arm_cpu_idle_init
                0x080006a4        0xc zephyr/arch/arch/arm/core/cortex_m/libarch__arm__core__cortex_m.a(cpu_idle.c.obj)
                0x080006a4                z_arm_cpu_idle_init
 .text._HandlerModeExit
                0x080006b0       0x20 zephyr/arch/arch/arm/core/cortex_m/libarch__arm__core__cortex_m.a(exc_exit.c.obj)
                0x080006b0                z_arm_int_exit
                0x080006b0                z_arm_exc_exit
 .text.z_impl_k_thread_abort
                0x080006d0       0x38 zephyr/arch/arch/arm/core/cortex_m/libarch__arm__core__cortex_m.a(thread_abort.c.obj)
                0x080006d0                z_impl_k_thread_abort
 .text.z_arm_pendsv
                0x08000708       0x70 zephyr/arch/arch/arm/core/cortex_m/libarch__arm__core__cortex_m.a(swap_helper.S.obj)
                0x08000708                z_arm_pendsv
 .text.z_arm_interrupt_init
                0x08000778       0x30 zephyr/arch/arch/arm/core/cortex_m/libarch__arm__core__cortex_m.a(irq_init.c.obj)
                0x08000778                z_arm_interrupt_init
 .text._isr_wrapper
                0x080007a8       0x20 zephyr/arch/arch/arm/core/cortex_m/libarch__arm__core__cortex_m.a(isr_wrapper.c.obj)
                0x080007a8                _isr_wrapper
 .text.__aeabi_read_tp
                0x080007c8        0xc zephyr/arch/arch/arm/core/cortex_m/libarch__arm__core__cortex_m.a(__aeabi_read_tp.S.obj)
                0x080007c8                __aeabi_read_tp
 .text.z_arm_configure_static_mpu_regions
                0x080007d4       0x1c zephyr/arch/arch/arm/core/mpu/libarch__arm__core__mpu.a(arm_core_mpu.c.obj)
                0x080007d4                z_arm_configure_static_mpu_regions
 .text.region_init
                0x080007f0       0x24 zephyr/arch/arch/arm/core/mpu/libarch__arm__core__mpu.a(arm_mpu.c.obj)
 .text.mpu_configure_regions
                0x08000814       0x74 zephyr/arch/arch/arm/core/mpu/libarch__arm__core__mpu.a(arm_mpu.c.obj)
 .text.arm_core_mpu_enable
                0x08000888       0x14 zephyr/arch/arch/arm/core/mpu/libarch__arm__core__mpu.a(arm_mpu.c.obj)
                0x08000888                arm_core_mpu_enable
 .text.arm_core_mpu_disable
                0x0800089c       0x10 zephyr/arch/arch/arm/core/mpu/libarch__arm__core__mpu.a(arm_mpu.c.obj)
                0x0800089c                arm_core_mpu_disable
 .text.arm_core_mpu_configure_static_mpu_regions
                0x080008ac       0x14 zephyr/arch/arch/arm/core/mpu/libarch__arm__core__mpu.a(arm_mpu.c.obj)
                0x080008ac                arm_core_mpu_configure_static_mpu_regions
 .text.z_arm_mpu_init
                0x080008c0      0x16c zephyr/arch/arch/arm/core/mpu/libarch__arm__core__mpu.a(arm_mpu.c.obj)
                0x080008c0                z_arm_mpu_init
 .text.z_impl_zephyr_fputc
                0x08000a2c       0x10 zephyr/lib/libc/picolibc/liblib__libc__picolibc.a(stdio.c.obj)
                0x08000a2c                z_impl_zephyr_fputc
 .text.__stdout_hook_install
                0x08000a3c       0x18 zephyr/lib/libc/picolibc/liblib__libc__picolibc.a(stdio.c.obj)
                0x08000a3c                __stdout_hook_install
 .text.malloc_prepare
                0x08000a54       0x24 zephyr/lib/libc/common/liblib__libc__common.a(malloc.c.obj)
 .text.stm32_exti_init
                0x08000a78       0x28 zephyr/drivers/interrupt_controller/libdrivers__interrupt_controller.a(intc_exti_stm32.c.obj)
 .text.stm32_exti_is_pending
                0x08000aa0       0x2c zephyr/drivers/interrupt_controller/libdrivers__interrupt_controller.a(intc_exti_stm32.c.obj)
                0x08000aa0                stm32_exti_is_pending
 .text.stm32_exti_clear_pending
                0x08000acc       0x20 zephyr/drivers/interrupt_controller/libdrivers__interrupt_controller.a(intc_exti_stm32.c.obj)
                0x08000acc                stm32_exti_clear_pending
 .text.stm32_intc_gpio_isr
                0x08000aec       0x48 zephyr/drivers/interrupt_controller/libdrivers__interrupt_controller.a(intc_gpio_stm32.c.obj)
 .text.stm32_exti_gpio_intc_init
                0x08000b34       0x40 zephyr/drivers/interrupt_controller/libdrivers__interrupt_controller.a(intc_gpio_stm32.c.obj)
 .text.LL_RCC_HSI_IsReady
                0x08000b74       0x10 zephyr/drivers/clock_control/libdrivers__clock_control.a(clock_stm32_ll_common.c.obj)
 .text.stm32_clock_control_on
                0x08000b84       0x40 zephyr/drivers/clock_control/libdrivers__clock_control.a(clock_stm32_ll_common.c.obj)
 .text.stm32_clock_control_off
                0x08000bc4       0x30 zephyr/drivers/clock_control/libdrivers__clock_control.a(clock_stm32_ll_common.c.obj)
 .text.stm32_clock_control_get_subsys_rate
                0x08000bf4       0x90 zephyr/drivers/clock_control/libdrivers__clock_control.a(clock_stm32_ll_common.c.obj)
 .text.enabled_clock
                0x08000c84       0x18 zephyr/drivers/clock_control/libdrivers__clock_control.a(clock_stm32_ll_common.c.obj)
                0x08000c84                enabled_clock
 .text.stm32_clock_control_configure
                0x08000c9c       0x48 zephyr/drivers/clock_control/libdrivers__clock_control.a(clock_stm32_ll_common.c.obj)
 .text.stm32_clock_control_get_status
                0x08000ce4       0x34 zephyr/drivers/clock_control/libdrivers__clock_control.a(clock_stm32_ll_common.c.obj)
 .text.stm32_clock_control_init
                0x08000d18      0x14c zephyr/drivers/clock_control/libdrivers__clock_control.a(clock_stm32_ll_common.c.obj)
                0x08000d18                stm32_clock_control_init
 .text.get_pllsrc_frequency
                0x08000e64        0x8 zephyr/drivers/clock_control/libdrivers__clock_control.a(clock_stm32g0_u0.c.obj)
                0x08000e64                get_pllsrc_frequency
 .text.config_pll_sysclock
                0x08000e6c       0x28 zephyr/drivers/clock_control/libdrivers__clock_control.a(clock_stm32g0_u0.c.obj)
                0x08000e6c                config_pll_sysclock
 .text.config_enable_default_clocks
                0x08000e94       0x20 zephyr/drivers/clock_control/libdrivers__clock_control.a(clock_stm32g0_u0.c.obj)
                0x08000e94                config_enable_default_clocks
 .text.uart_console_init
                0x08000eb4       0x2c zephyr/drivers/console/libdrivers__console.a(uart_console.c.obj)
 .text.console_out
                0x08000ee0       0x28 zephyr/drivers/console/libdrivers__console.a(uart_console.c.obj)
 .text.uart_stm32_irq_err_enable
                0x08000f08       0x4c zephyr/drivers/serial/libdrivers__serial.a(uart_stm32.c.obj)
 .text.uart_stm32_irq_err_disable
                0x08000f54       0x50 zephyr/drivers/serial/libdrivers__serial.a(uart_stm32.c.obj)
 .text.uart_stm32_set_baudrate.isra.0
                0x08000fa4       0x4c zephyr/drivers/serial/libdrivers__serial.a(uart_stm32.c.obj)
 .text.uart_stm32_parameters_set
                0x08000ff0      0x16c zephyr/drivers/serial/libdrivers__serial.a(uart_stm32.c.obj)
 .text.uart_stm32_init
                0x0800115c      0x188 zephyr/drivers/serial/libdrivers__serial.a(uart_stm32.c.obj)
 .text.uart_stm32_configure
                0x080012e4      0x104 zephyr/drivers/serial/libdrivers__serial.a(uart_stm32.c.obj)
 .text.uart_stm32_config_get
                0x080013e8       0xa4 zephyr/drivers/serial/libdrivers__serial.a(uart_stm32.c.obj)
 .text.uart_stm32_fifo_fill
                0x0800148c       0x5c zephyr/drivers/serial/libdrivers__serial.a(uart_stm32.c.obj)
 .text.uart_stm32_fifo_read
                0x080014e8       0x4c zephyr/drivers/serial/libdrivers__serial.a(uart_stm32.c.obj)
 .text.elapsed  0x08001534       0x40 zephyr/drivers/timer/libdrivers__timer.a(cortex_m_systick.c.obj)
 .text.sys_clock_driver_init
                0x08001574       0x3c zephyr/drivers/timer/libdrivers__timer.a(cortex_m_systick.c.obj)
 .text.sys_clock_isr
                0x080015b0       0x6c zephyr/drivers/timer/libdrivers__timer.a(cortex_m_systick.c.obj)
                0x080015b0                sys_clock_isr
 .text.sys_clock_set_timeout
                0x0800161c      0x114 zephyr/drivers/timer/libdrivers__timer.a(cortex_m_systick.c.obj)
                0x0800161c                sys_clock_set_timeout
 .text.sys_clock_elapsed
                0x08001730       0x2c zephyr/drivers/timer/libdrivers__timer.a(cortex_m_systick.c.obj)
                0x08001730                sys_clock_elapsed
 .text.HAL_RCC_GetSysClockFreq
                0x0800175c       0x88 modules/hal_stm32/stm32cube/lib..__modules__hal__stm32__stm32cube.a(stm32g0xx_hal_rcc.c.obj)
                0x0800175c                HAL_RCC_GetSysClockFreq
 .text.LL_SetFlashLatency
                0x080017e4       0x54 modules/hal_stm32/stm32cube/lib..__modules__hal__stm32__stm32cube.a(stm32g0xx_ll_utils.c.obj)
                0x080017e4                LL_SetFlashLatency
 .text.z_fatal_error
                0x08001838       0x28 zephyr/kernel/libkernel.a(fatal.c.obj)
                0x08001838                z_fatal_error
 .text.z_sys_init_run_level
                0x08001860       0x34 zephyr/kernel/libkernel.a(init.c.obj)
 .text.bg_thread_main
                0x08001894       0xa4 zephyr/kernel/libkernel.a(init.c.obj)
 .text.z_init_cpu
                0x08001938       0x68 zephyr/kernel/libkernel.a(init.c.obj)
                0x08001938                z_init_cpu
 .text.z_cstart
                0x080019a0       0xb8 zephyr/kernel/libkernel.a(init.c.obj)
                0x080019a0                z_cstart
 .text.z_setup_new_thread
                0x08001a58       0x88 zephyr/kernel/libkernel.a(thread.c.obj)
                0x08001a58                z_setup_new_thread
 .text.z_dummy_thread_init
                0x08001ae0       0x18 zephyr/kernel/libkernel.a(thread.c.obj)
                0x08001ae0                z_dummy_thread_init
 .text.z_impl_k_wakeup
                0x08001af8       0x40 zephyr/kernel/libkernel.a(thread.c.obj)
                0x08001af8                z_impl_k_wakeup
 .text.z_swap_irqlock
                0x08001b38       0x2c zephyr/kernel/libkernel.a(sched.c.obj)
 .text.ready_thread
                0x08001b64       0x88 zephyr/kernel/libkernel.a(sched.c.obj)
 .text.reschedule.isra.0
                0x08001bec       0x2c zephyr/kernel/libkernel.a(sched.c.obj)
 .text.move_current_to_end_of_prio_q
                0x08001c18       0x74 zephyr/kernel/libkernel.a(sched.c.obj)
                0x08001c18                move_current_to_end_of_prio_q
 .text.z_thread_halt
                0x08001c8c      0x130 zephyr/kernel/libkernel.a(sched.c.obj)
                0x08001c8c                z_thread_halt
 .text.z_sched_lock_reschedule
                0x08001dbc       0x48 zephyr/kernel/libkernel.a(sched.c.obj)
                0x08001dbc                z_sched_lock_reschedule
 .text.z_sched_init
                0x08001e04       0x14 zephyr/kernel/libkernel.a(scheduler.c.obj)
                0x08001e04                z_sched_init
 .text.k_sched_lock
                0x08001e18       0x20 zephyr/kernel/libkernel.a(scheduler.c.obj)
                0x08001e18                k_sched_lock
 .text.k_sched_unlock
                0x08001e38       0x1c zephyr/kernel/libkernel.a(scheduler.c.obj)
                0x08001e38                k_sched_unlock
 .text.z_impl_k_sched_current_thread_query
                0x08001e54        0xc zephyr/kernel/libkernel.a(scheduler.c.obj)
                0x08001e54                z_impl_k_sched_current_thread_query
 .text.z_time_slice_size
                0x08001e60       0x44 zephyr/kernel/libkernel.a(timeslicing.c.obj)
 .text.slice_timeout
                0x08001ea4       0x20 zephyr/kernel/libkernel.a(timeslicing.c.obj)
 .text.z_time_slice_reset
                0x08001ec4       0x44 zephyr/kernel/libkernel.a(timeslicing.c.obj)
                0x08001ec4                z_time_slice_reset
 .text.z_time_slice
                0x08001f08       0x5c zephyr/kernel/libkernel.a(timeslicing.c.obj)
                0x08001f08                z_time_slice
 .text.first    0x08001f64       0x10 zephyr/kernel/libkernel.a(timeout.c.obj)
 .text.next_timeout
                0x08001f74       0x34 zephyr/kernel/libkernel.a(timeout.c.obj)
 .text.elapsed  0x08001fa8       0x14 zephyr/kernel/libkernel.a(timeout.c.obj)
 .text.z_add_timeout
                0x08001fbc      0x128 zephyr/kernel/libkernel.a(timeout.c.obj)
                0x08001fbc                z_add_timeout
 .text.z_try_abort_timeout
                0x080020e4       0x80 zephyr/kernel/libkernel.a(timeout.c.obj)
                0x080020e4                z_try_abort_timeout
 .text.z_timeout_inflight_superseded
                0x08002164       0x28 zephyr/kernel/libkernel.a(timeout.c.obj)
                0x08002164                z_timeout_inflight_superseded
 .text.sys_clock_announce_locked
                0x0800218c       0xd4 zephyr/kernel/libkernel.a(timeout.c.obj)
                0x0800218c                sys_clock_announce_locked
 .text.__l_vfprintf
                0x08002260      0x484 C:/zephyrproject/zephyr-sdk-1.0.1/gnu/arm-zephyr-eabi/bin/../lib/gcc/arm-zephyr-eabi/14.3.0/../../../../arm-zephyr-eabi/lib/thumb/v6-m/nofp/space\libc.a(libc_tinystdio_vflprintf.c.o)
                0x08002260                __l_vfprintf
 .text._OffsetAbsSyms
                0x080026e4        0x2 zephyr/CMakeFiles/offsets.dir/./arch/arm/core/offsets/offsets.c.obj
                0x080026e4                _OffsetAbsSyms
 .text.chunk_size
                0x080026e6        0xa zephyr/libzephyr.a(heap.c.obj)
 .text.free_list_add
                0x080026f0       0x4e zephyr/libzephyr.a(heap.c.obj)
 .text.sys_heap_init
                0x0800273e       0x80 zephyr/libzephyr.a(heap.c.obj)
                0x0800273e                sys_heap_init
 .text.arch_printk_char_out
                0x080027be        0x4 zephyr/libzephyr.a(printk.c.obj)
                0x080027be                arch_printk_char_out
 .text.printk   0x080027c2       0x16 zephyr/libzephyr.a(printk.c.obj)
                0x080027c2                printk
 .text._ConfigAbsSyms
                0x080027d8        0x2 zephyr/libzephyr.a(configs.c.obj)
                0x080027d8                _ConfigAbsSyms
 .text.dummy_gpio_pin_configure
                0x080027da        0x6 zephyr/libzephyr.a(gpioport_mgr.c.obj)
 .text.dummy_gpio_port_get_raw
                0x080027e0        0x6 zephyr/libzephyr.a(gpioport_mgr.c.obj)
 .text.dummy_gpio_port_set_masked_raw
                0x080027e6        0x6 zephyr/libzephyr.a(gpioport_mgr.c.obj)
 .text.dummy_gpio_port_set_bits_raw
                0x080027ec        0x6 zephyr/libzephyr.a(gpioport_mgr.c.obj)
 .text.dummy_gpio_port_toggle_bits
                0x080027f2        0x6 zephyr/libzephyr.a(gpioport_mgr.c.obj)
 .text.dummy_gpio_port_clear_bits_raw
                0x080027f8        0x6 zephyr/libzephyr.a(gpioport_mgr.c.obj)
 .text.stm32_gpioport_configure_pin
                0x080027fe       0xc6 zephyr/libzephyr.a(gpioport_mgr.c.obj)
                0x080027fe                stm32_gpioport_configure_pin
 .text.arch_early_memset
                0x080028c4        0x8 zephyr/arch/common/libarch__common.a(init.c.obj)
                0x080028c4                arch_early_memset
 .text.arch_early_memcpy
                0x080028cc        0x8 zephyr/arch/common/libarch__common.a(init.c.obj)
                0x080028cc                arch_early_memcpy
 .text.z_do_kernel_oops
                0x080028d4        0xc zephyr/arch/arch/arm/core/libarch__arm__core.a(fatal.c.obj)
                0x080028d4                z_do_kernel_oops
 .text.z_arm_nmi
                0x080028e0        0xc zephyr/arch/arch/arm/core/libarch__arm__core.a(nmi.c.obj)
                0x080028e0                z_arm_nmi
 .text.z_irq_spurious
                0x080028ec        0xc zephyr/arch/arch/arm/core/cortex_m/libarch__arm__core__cortex_m.a(irq_manage.c.obj)
                0x080028ec                z_irq_spurious
 .text.z_prep_c
                0x080028f8       0x16 zephyr/arch/arch/arm/core/cortex_m/libarch__arm__core__cortex_m.a(prep_c.c.obj)
                0x080028f8                z_prep_c
 .text.arch_coprocessors_disable
                0x0800290e        0x6 zephyr/arch/arch/arm/core/cortex_m/libarch__arm__core__cortex_m.a(thread.c.obj)
                0x0800290e                arch_coprocessors_disable
 .text.arch_irq_unlock_outlined
                0x08002914        0xc zephyr/arch/arch/arm/core/cortex_m/libarch__arm__core__cortex_m.a(thread.c.obj)
                0x08002914                arch_irq_unlock_outlined
 .text.arch_cpu_idle
                0x08002920        0xe zephyr/arch/arch/arm/core/cortex_m/libarch__arm__core__cortex_m.a(cpu_idle.c.obj)
                0x08002920                arch_cpu_idle
 .text.size_to_mpu_rasr_size
                0x0800292e       0x22 zephyr/arch/arch/arm/core/mpu/libarch__arm__core__mpu.a(arm_mpu.c.obj)
 .text.picolibc_put
                0x08002950        0xa zephyr/lib/libc/picolibc/liblib__libc__picolibc.a(stdio.c.obj)
 .text.config_regulator_voltage
                0x0800295a        0x2 zephyr/drivers/clock_control/libdrivers__clock_control.a(clock_stm32_ll_common.c.obj)
                0x0800295a                config_regulator_voltage
 .text.pinctrl_lookup_state
                0x0800295c       0x26 zephyr/drivers/pinctrl/libdrivers__pinctrl.a(common.c.obj)
                0x0800295c                pinctrl_lookup_state
 .text.pinctrl_configure_pins
                0x08002982       0x44 zephyr/drivers/pinctrl/libdrivers__pinctrl.a(pinctrl_stm32.c.obj)
                0x08002982                pinctrl_configure_pins
 .text.reset_stm32_status
                0x080029c6       0x20 zephyr/drivers/reset/libdrivers__reset.a(reset_stm32.c.obj)
 .text.reset_stm32_line_assert
                0x080029e6       0x1c zephyr/drivers/reset/libdrivers__reset.a(reset_stm32.c.obj)
 .text.reset_stm32_line_deassert
                0x08002a02       0x1c zephyr/drivers/reset/libdrivers__reset.a(reset_stm32.c.obj)
 .text.reset_stm32_line_toggle
                0x08002a1e       0x16 zephyr/drivers/reset/libdrivers__reset.a(reset_stm32.c.obj)
 .text.uart_stm32_ll2cfg_databits
                0x08002a34       0x2c zephyr/drivers/serial/libdrivers__serial.a(uart_stm32.c.obj)
 .text.uart_stm32_err_check
                0x08002a60       0x5a zephyr/drivers/serial/libdrivers__serial.a(uart_stm32.c.obj)
 .text.uart_stm32_irq_tx_enable
                0x08002aba       0x1c zephyr/drivers/serial/libdrivers__serial.a(uart_stm32.c.obj)
 .text.uart_stm32_irq_tx_disable
                0x08002ad6       0x1c zephyr/drivers/serial/libdrivers__serial.a(uart_stm32.c.obj)
 .text.uart_stm32_irq_rx_enable
                0x08002af2       0x1c zephyr/drivers/serial/libdrivers__serial.a(uart_stm32.c.obj)
 .text.uart_stm32_irq_rx_disable
                0x08002b0e       0x1c zephyr/drivers/serial/libdrivers__serial.a(uart_stm32.c.obj)
 .text.uart_stm32_irq_rx_ready
                0x08002b2a        0xc zephyr/drivers/serial/libdrivers__serial.a(uart_stm32.c.obj)
 .text.uart_stm32_irq_callback_set
                0x08002b36        0x8 zephyr/drivers/serial/libdrivers__serial.a(uart_stm32.c.obj)
 .text.uart_stm32_isr
                0x08002b3e       0x10 zephyr/drivers/serial/libdrivers__serial.a(uart_stm32.c.obj)
 .text.uart_stm32_irq_config_func_0
                0x08002b4e       0x14 zephyr/drivers/serial/libdrivers__serial.a(uart_stm32.c.obj)
 .text.uart_stm32_irq_config_func_1
                0x08002b62       0x14 zephyr/drivers/serial/libdrivers__serial.a(uart_stm32.c.obj)
 .text.uart_stm32_irq_tx_complete
                0x08002b76        0xc zephyr/drivers/serial/libdrivers__serial.a(uart_stm32.c.obj)
 .text.uart_stm32_irq_tx_ready
                0x08002b82       0x14 zephyr/drivers/serial/libdrivers__serial.a(uart_stm32.c.obj)
 .text.uart_stm32_poll_out
                0x08002b96       0x36 zephyr/drivers/serial/libdrivers__serial.a(uart_stm32.c.obj)
 .text.uart_stm32_irq_is_pending
                0x08002bcc       0x24 zephyr/drivers/serial/libdrivers__serial.a(uart_stm32.c.obj)
 .text.uart_stm32_poll_in
                0x08002bf0       0x22 zephyr/drivers/serial/libdrivers__serial.a(uart_stm32.c.obj)
 .text.do_device_init
                0x08002c12       0x32 zephyr/kernel/libkernel.a(device.c.obj)
                0x08002c12                do_device_init
 .text.z_impl_device_is_ready
                0x08002c44       0x18 zephyr/kernel/libkernel.a(device.c.obj)
                0x08002c44                z_impl_device_is_ready
 .text.arch_system_halt
                0x08002c5c        0x8 zephyr/kernel/libkernel.a(fatal.c.obj)
                0x08002c5c                arch_system_halt
 .text.k_sys_fatal_error_handler
                0x08002c64        0x6 zephyr/kernel/libkernel.a(fatal.c.obj)
                0x08002c64                k_sys_fatal_error_handler
 .text.idle     0x08002c6a        0xe zephyr/kernel/libkernel.a(idle.c.obj)
                0x08002c6a                idle
 .text.z_thread_abort
                0x08002c78       0x34 zephyr/kernel/libkernel.a(thread.c.obj)
                0x08002c78                z_thread_abort
 .text.sys_dlist_remove
                0x08002cac       0x10 zephyr/kernel/libkernel.a(sched.c.obj)
 .text.unpend_thread_no_timeout
                0x08002cbc       0x16 zephyr/kernel/libkernel.a(sched.c.obj)
 .text.z_ready_thread
                0x08002cd2       0x18 zephyr/kernel/libkernel.a(sched.c.obj)
                0x08002cd2                z_ready_thread
 .text.z_sched_ready_locked
                0x08002cea        0x8 zephyr/kernel/libkernel.a(sched.c.obj)
                0x08002cea                z_sched_ready_locked
 .text.z_sched_wake_thread_locked
                0x08002cf2       0x26 zephyr/kernel/libkernel.a(sched.c.obj)
                0x08002cf2                z_sched_wake_thread_locked
 .text.z_thread_timeout
                0x08002d18       0x26 zephyr/kernel/libkernel.a(sched.c.obj)
                0x08002d18                z_thread_timeout
 .text.z_reschedule
                0x08002d3e        0xa zephyr/kernel/libkernel.a(sched.c.obj)
                0x08002d3e                z_reschedule
 .text.memcpy   0x08002d48       0x12 C:/zephyrproject/zephyr-sdk-1.0.1/gnu/arm-zephyr-eabi/bin/../lib/gcc/arm-zephyr-eabi/14.3.0/../../../../arm-zephyr-eabi/lib/thumb/v6-m/nofp/space\libc.a(memcpy.c.o)
                0x08002d48                __aeabi_memcpy
                0x08002d48                __aeabi_memcpy4
                0x08002d48                __aeabi_memcpy8
                0x08002d48                memcpy
 .text.memset   0x08002d5a       0x10 C:/zephyrproject/zephyr-sdk-1.0.1/gnu/arm-zephyr-eabi/bin/../lib/gcc/arm-zephyr-eabi/14.3.0/../../../../arm-zephyr-eabi/lib/thumb/v6-m/nofp/space\libc.a(memset.c.o)
                0x08002d5a                memset
 .text.strnlen  0x08002d6a       0x16 C:/zephyrproject/zephyr-sdk-1.0.1/gnu/arm-zephyr-eabi/bin/../lib/gcc/arm-zephyr-eabi/14.3.0/../../../../arm-zephyr-eabi/lib/thumb/v6-m/nofp/space\libc.a(libc_string_strnlen.c.o)
                0x08002d6a                strnlen
 .text.__ultoa_invert
                0x08002d80      0x10e C:/zephyrproject/zephyr-sdk-1.0.1/gnu/arm-zephyr-eabi/bin/../lib/gcc/arm-zephyr-eabi/14.3.0/../../../../arm-zephyr-eabi/lib/thumb/v6-m/nofp/space\libc.a(libc_tinystdio_vflprintf.c.o)
 *(SORT_BY_ALIGNMENT(.gnu.linkonce.t.*))
 *(SORT_BY_ALIGNMENT(.glue_7t))
 .glue_7t       0x08002e8e        0x0 linker stubs
 *(SORT_BY_ALIGNMENT(.glue_7))
 .glue_7        0x08002e8e        0x0 linker stubs
 *(SORT_BY_ALIGNMENT(.vfp11_veneer))
 .vfp11_veneer  0x08002e8e        0x0 linker stubs
 *(SORT_BY_ALIGNMENT(.v4_bx))
 .v4_bx         0x08002e8e        0x0 linker stubs
                0x08002e90                        . = ALIGN (0x4)
 *fill*         0x08002e8e        0x2 
                0x08002e90                        __text_region_end = .

.ARM.exidx      0x08002e90        0x0
                0x08002e90                        __exidx_start = .
 *(SORT_BY_ALIGNMENT(.ARM.exidx*) SORT_BY_ALIGNMENT(gnu.linkonce.armexidx.*))
                0x08002e90                        __exidx_end = .
                0x08002e90                        __rodata_region_start = .

initlevel       0x08002e90       0x80
                0x08002e90                        __init_start = .
                0x08002e90                        __init_EARLY_start = .
 *(SORT_BY_NAME(SORT_BY_ALIGNMENT(.z_init_EARLY_P_?_*)))
 *(SORT_BY_NAME(SORT_BY_ALIGNMENT(.z_init_EARLY_P_??_*)))
 *(SORT_BY_NAME(SORT_BY_ALIGNMENT(.z_init_EARLY_P_???_*)))
                0x08002e90                        __init_PRE_KERNEL_1_start = .
 *(SORT_BY_NAME(SORT_BY_ALIGNMENT(.z_init_PRE_KERNEL_1_P_?_*)))
 .z_init_PRE_KERNEL_1_P_1_SUB_00009_
                0x08002e90        0x8 zephyr/drivers/clock_control/libdrivers__clock_control.a(clock_stm32_ll_common.c.obj)
 .z_init_PRE_KERNEL_1_P_1_SUB_0_
                0x08002e98        0x8 zephyr/libzephyr.a(soc_config.c.obj)
 *(SORT_BY_NAME(SORT_BY_ALIGNMENT(.z_init_PRE_KERNEL_1_P_??_*)))
 .z_init_PRE_KERNEL_1_P_35_SUB_00051_
                0x08002ea0        0x8 zephyr/drivers/reset/libdrivers__reset.a(reset_stm32.c.obj)
 .z_init_PRE_KERNEL_1_P_40_SUB_00021_
                0x08002ea8        0x8 zephyr/libzephyr.a(gpioport_mgr.c.obj)
 .z_init_PRE_KERNEL_1_P_40_SUB_00026_
                0x08002eb0        0x8 zephyr/libzephyr.a(gpioport_mgr.c.obj)
 .z_init_PRE_KERNEL_1_P_40_SUB_00043_
                0x08002eb8        0x8 zephyr/libzephyr.a(gpioport_mgr.c.obj)
 .z_init_PRE_KERNEL_1_P_40_SUB_00055_
                0x08002ec0        0x8 zephyr/drivers/interrupt_controller/libdrivers__interrupt_controller.a(intc_exti_stm32.c.obj)
 .z_init_PRE_KERNEL_1_P_40_SUB_00082_
                0x08002ec8        0x8 zephyr/libzephyr.a(gpioport_mgr.c.obj)
 .z_init_PRE_KERNEL_1_P_40_SUB_00083_
                0x08002ed0        0x8 zephyr/libzephyr.a(gpioport_mgr.c.obj)
 .z_init_PRE_KERNEL_1_P_40_SUB_0_
                0x08002ed8        0x8 zephyr/drivers/interrupt_controller/libdrivers__interrupt_controller.a(intc_gpio_stm32.c.obj)
 .z_init_PRE_KERNEL_1_P_50_SUB_00058_
                0x08002ee0        0x8 zephyr/drivers/serial/libdrivers__serial.a(uart_stm32.c.obj)
 .z_init_PRE_KERNEL_1_P_50_SUB_00063_
                0x08002ee8        0x8 zephyr/drivers/serial/libdrivers__serial.a(uart_stm32.c.obj)
 .z_init_PRE_KERNEL_1_P_60_SUB_0_
                0x08002ef0        0x8 zephyr/drivers/console/libdrivers__console.a(uart_console.c.obj)
 *(SORT_BY_NAME(SORT_BY_ALIGNMENT(.z_init_PRE_KERNEL_1_P_???_*)))
                0x08002ef8                        __init_PRE_KERNEL_2_start = .
 *(SORT_BY_NAME(SORT_BY_ALIGNMENT(.z_init_PRE_KERNEL_2_P_?_*)))
 .z_init_PRE_KERNEL_2_P_0_SUB_0_
                0x08002ef8        0x8 zephyr/drivers/timer/libdrivers__timer.a(cortex_m_systick.c.obj)
 *(SORT_BY_NAME(SORT_BY_ALIGNMENT(.z_init_PRE_KERNEL_2_P_??_*)))
 *(SORT_BY_NAME(SORT_BY_ALIGNMENT(.z_init_PRE_KERNEL_2_P_???_*)))
                0x08002f00                        __init_POST_KERNEL_start = .
 *(SORT_BY_NAME(SORT_BY_ALIGNMENT(.z_init_POST_KERNEL_P_?_*)))
 *(SORT_BY_NAME(SORT_BY_ALIGNMENT(.z_init_POST_KERNEL_P_??_*)))
 .z_init_POST_KERNEL_P_35_SUB_0_
                0x08002f00        0x8 zephyr/lib/libc/common/liblib__libc__common.a(malloc.c.obj)
 *(SORT_BY_NAME(SORT_BY_ALIGNMENT(.z_init_POST_KERNEL_P_???_*)))
                0x08002f08                        __init_APPLICATION_start = .
 *(SORT_BY_NAME(SORT_BY_ALIGNMENT(.z_init_APPLICATION_P_?_*)))
 .z_init_APPLICATION_P_0_SUB_0_
                0x08002f08        0x8 zephyr/libzephyr.a(boot_banner.c.obj)
 *(SORT_BY_NAME(SORT_BY_ALIGNMENT(.z_init_APPLICATION_P_??_*)))
 *(SORT_BY_NAME(SORT_BY_ALIGNMENT(.z_init_APPLICATION_P_???_*)))
                0x08002f10                        __init_SMP_start = .
 *(SORT_BY_NAME(SORT_BY_ALIGNMENT(.z_init_SMP_P_?_*)))
 *(SORT_BY_NAME(SORT_BY_ALIGNMENT(.z_init_SMP_P_??_*)))
 *(SORT_BY_NAME(SORT_BY_ALIGNMENT(.z_init_SMP_P_???_*)))
                0x08002f10                        __init_end = .

device_area     0x08002f10      0x118
                0x08002f10                        _device_list_start = .
 *(SORT_BY_NAME(SORT_BY_ALIGNMENT(._device.static.*_?_*)))
 ._device.static.1_1_
                0x08002f10       0x1c zephyr/drivers/clock_control/libdrivers__clock_control.a(clock_stm32_ll_common.c.obj)
                0x08002f10                __device_dts_ord_9
 *(SORT_BY_NAME(SORT_BY_ALIGNMENT(._device.static.*_??_*)))
 ._device.static.1_35_
                0x08002f2c       0x1c zephyr/drivers/reset/libdrivers__reset.a(reset_stm32.c.obj)
                0x08002f2c                __device_dts_ord_51
 ._device.static.1_40_
                0x08002f48       0x8c zephyr/libzephyr.a(gpioport_mgr.c.obj)
                0x08002f48                __device_dts_ord_83
                0x08002f64                __device_dts_ord_82
                0x08002f80                __device_dts_ord_43
                0x08002f9c                __device_dts_ord_21
                0x08002fb8                __device_dts_ord_26
 ._device.static.1_40_
                0x08002fd4       0x1c zephyr/drivers/interrupt_controller/libdrivers__interrupt_controller.a(intc_exti_stm32.c.obj)
                0x08002fd4                __device_dts_ord_55
 ._device.static.1_50_
                0x08002ff0       0x38 zephyr/drivers/serial/libdrivers__serial.a(uart_stm32.c.obj)
                0x08002ff0                __device_dts_ord_58
                0x0800300c                __device_dts_ord_63
 *(SORT_BY_NAME(SORT_BY_ALIGNMENT(._device.static.*_???_*)))
 *(SORT_BY_NAME(SORT_BY_ALIGNMENT(._device.static.*_????_*)))
 *(SORT_BY_NAME(SORT_BY_ALIGNMENT(._device.static.*_?????_*)))
                0x08003028                        _device_list_end = .

sw_isr_table    0x08003028       0xe8
                0x08003028                        . = ALIGN (0x4)
 *(SORT_BY_ALIGNMENT(.gnu.linkonce.sw_isr_table*))
 .gnu.linkonce.sw_isr_table
                0x08003028       0xe8 zephyr/CMakeFiles/zephyr_final.dir/isr_tables.c.obj
                0x08003028                _sw_isr_table

initlevel_error
 *(SORT_BY_NAME(SORT_BY_ALIGNMENT(.z_init_*)))
                0x00000001                        ASSERT ((SIZEOF (initlevel_error) == 0x0), Undefined initialization levels used.)

app_shmem_regions
                0x08003110        0x0
                0x08003110                        __app_shmem_regions_start = .
 *(SORT_BY_NAME(SORT_BY_ALIGNMENT(.app_regions.*)))
                0x08003110                        __app_shmem_regions_end = .

k_p4wq_initparam_area
                0x08003110        0x0
                0x08003110                        _k_p4wq_initparam_list_start = .
 *(SORT_BY_NAME(SORT_BY_ALIGNMENT(._k_p4wq_initparam.static.*)))
                0x08003110                        _k_p4wq_initparam_list_end = .

_static_thread_data_area
                0x08003110        0x0
                0x08003110                        __static_thread_data_list_start = .
 *(SORT_BY_NAME(SORT_BY_ALIGNMENT(.__static_thread_data.static.*)))
                0x08003110                        __static_thread_data_list_end = .

device_deps     0x08003110        0x0
                0x08003110                        __device_deps_start = .
 *(SORT_BY_NAME(SORT_BY_ALIGNMENT(.__device_deps_pass2*)))
                0x08003110                        __device_deps_end = .

device_api_area
                0x08003110       0x9c
                0x08003110                        _reset_driver_api_list_start = .
 *(SORT_BY_NAME(SORT_BY_ALIGNMENT(._reset_driver_api.static.*)))
 ._reset_driver_api.static.reset_stm32_driver_api_
                0x08003110       0x10 zephyr/drivers/reset/libdrivers__reset.a(reset_stm32.c.obj)
                0x08003120                        _reset_driver_api_list_end = .
                0x08003120                        _reset_driver_api_ext_end = .
                0x08003120                        _shared_irq_driver_api_list_start = .
 *(SORT_BY_NAME(SORT_BY_ALIGNMENT(._shared_irq_driver_api.static.*)))
                0x08003120                        _shared_irq_driver_api_list_end = .
                0x08003120                        _shared_irq_driver_api_ext_end = .
                0x08003120                        _audio_codec_driver_api_list_start = .
 *(SORT_BY_NAME(SORT_BY_ALIGNMENT(._audio_codec_driver_api.static.*)))
                0x08003120                        _audio_codec_driver_api_list_end = .
                0x08003120                        _audio_codec_driver_api_ext_end = .
                0x08003120                        _dmic_driver_api_list_start = .
 *(SORT_BY_NAME(SORT_BY_ALIGNMENT(._dmic_driver_api.static.*)))
                0x08003120                        _dmic_driver_api_list_end = .
                0x08003120                        _dmic_driver_api_ext_end = .
                0x08003120                        _crypto_driver_api_list_start = .
 *(SORT_BY_NAME(SORT_BY_ALIGNMENT(._crypto_driver_api.static.*)))
                0x08003120                        _crypto_driver_api_list_end = .
                0x08003120                        _crypto_driver_api_ext_end = .
                0x08003120                        _adc_driver_api_list_start = .
 *(SORT_BY_NAME(SORT_BY_ALIGNMENT(._adc_driver_api.static.*)))
                0x08003120                        _adc_driver_api_list_end = .
                0x08003120                        _adc_driver_api_ext_end = .
                0x08003120                        _auxdisplay_driver_api_list_start = .
 *(SORT_BY_NAME(SORT_BY_ALIGNMENT(._auxdisplay_driver_api.static.*)))
                0x08003120                        _auxdisplay_driver_api_list_end = .
                0x08003120                        _auxdisplay_driver_api_ext_end = .
                0x08003120                        _bbram_driver_api_list_start = .
 *(SORT_BY_NAME(SORT_BY_ALIGNMENT(._bbram_driver_api.static.*)))
                0x08003120                        _bbram_driver_api_list_end = .
                0x08003120                        _bbram_driver_api_ext_end = .
                0x08003120                        _biometric_driver_api_list_start = .
 *(SORT_BY_NAME(SORT_BY_ALIGNMENT(._biometric_driver_api.static.*)))
                0x08003120                        _biometric_driver_api_list_end = .
                0x08003120                        _biometric_driver_api_ext_end = .
                0x08003120                        _bt_hci_driver_api_list_start = .
 *(SORT_BY_NAME(SORT_BY_ALIGNMENT(._bt_hci_driver_api.static.*)))
                0x08003120                        _bt_hci_driver_api_list_end = .
                0x08003120                        _bt_hci_driver_api_ext_end = .
                0x08003120                        _buzzer_driver_api_list_start = .
 *(SORT_BY_NAME(SORT_BY_ALIGNMENT(._buzzer_driver_api.static.*)))
                0x08003120                        _buzzer_driver_api_list_end = .
                0x08003120                        _buzzer_driver_api_ext_end = .
                0x08003120                        _can_driver_api_list_start = .
 *(SORT_BY_NAME(SORT_BY_ALIGNMENT(._can_driver_api.static.*)))
                0x08003120                        _can_driver_api_list_end = .
                0x08003120                        _can_driver_api_ext_end = .
                0x08003120                        _cellular_driver_api_list_start = .
 *(SORT_BY_NAME(SORT_BY_ALIGNMENT(._cellular_driver_api.static.*)))
                0x08003120                        _cellular_driver_api_list_end = .
                0x08003120                        _cellular_driver_api_ext_end = .
                0x08003120                        _charger_driver_api_list_start = .
 *(SORT_BY_NAME(SORT_BY_ALIGNMENT(._charger_driver_api.static.*)))
                0x08003120                        _charger_driver_api_list_end = .
                0x08003120                        _charger_driver_api_ext_end = .
                0x08003120                        _clock_control_driver_api_list_start = .
 *(SORT_BY_NAME(SORT_BY_ALIGNMENT(._clock_control_driver_api.static.*)))
 ._clock_control_driver_api.static.stm32_clock_control_api_
                0x08003120       0x1c zephyr/drivers/clock_control/libdrivers__clock_control.a(clock_stm32_ll_common.c.obj)
                0x0800313c                        _clock_control_driver_api_list_end = .
                0x0800313c                        _nrf_clock_control_driver_api_list_start = .
 *(SORT_BY_NAME(SORT_BY_ALIGNMENT(._nrf_clock_control_driver_api.static.*)))
                0x0800313c                        _nrf_clock_control_driver_api_list_end = .
                0x0800313c                        _nrf_clock_control_driver_api_ext_end = .
                0x0800313c                        _clock_control_driver_api_ext_end = .
                0x0800313c                        _clock_monitor_driver_api_list_start = .
 *(SORT_BY_NAME(SORT_BY_ALIGNMENT(._clock_monitor_driver_api.static.*)))
                0x0800313c                        _clock_monitor_driver_api_list_end = .
                0x0800313c                        _clock_monitor_driver_api_ext_end = .
                0x0800313c                        _comparator_driver_api_list_start = .
 *(SORT_BY_NAME(SORT_BY_ALIGNMENT(._comparator_driver_api.static.*)))
                0x0800313c                        _comparator_driver_api_list_end = .
                0x0800313c                        _comparator_driver_api_ext_end = .
                0x0800313c                        _coredump_driver_api_list_start = .
 *(SORT_BY_NAME(SORT_BY_ALIGNMENT(._coredump_driver_api.static.*)))
                0x0800313c                        _coredump_driver_api_list_end = .
                0x0800313c                        _coredump_driver_api_ext_end = .
                0x0800313c                        _counter_driver_api_list_start = .
 *(SORT_BY_NAME(SORT_BY_ALIGNMENT(._counter_driver_api.static.*)))
                0x0800313c                        _counter_driver_api_list_end = .
                0x0800313c                        _counter_driver_api_ext_end = .
                0x0800313c                        _crc_driver_api_list_start = .
 *(SORT_BY_NAME(SORT_BY_ALIGNMENT(._crc_driver_api.static.*)))
                0x0800313c                        _crc_driver_api_list_end = .
                0x0800313c                        _crc_driver_api_ext_end = .
                0x0800313c                        _dac_driver_api_list_start = .
 *(SORT_BY_NAME(SORT_BY_ALIGNMENT(._dac_driver_api.static.*)))
                0x0800313c                        _dac_driver_api_list_end = .
                0x0800313c                        _dac_driver_api_ext_end = .
                0x0800313c                        _dai_driver_api_list_start = .
 *(SORT_BY_NAME(SORT_BY_ALIGNMENT(._dai_driver_api.static.*)))
                0x0800313c                        _dai_driver_api_list_end = .
                0x0800313c                        _dai_driver_api_ext_end = .
                0x0800313c                        _dali_driver_api_list_start = .
 *(SORT_BY_NAME(SORT_BY_ALIGNMENT(._dali_driver_api.static.*)))
                0x0800313c                        _dali_driver_api_list_end = .
                0x0800313c                        _dali_driver_api_ext_end = .
                0x0800313c                        _display_driver_api_list_start = .
 *(SORT_BY_NAME(SORT_BY_ALIGNMENT(._display_driver_api.static.*)))
                0x0800313c                        _display_driver_api_list_end = .
                0x0800313c                        _display_driver_api_ext_end = .
                0x0800313c                        _dma_driver_api_list_start = .
 *(SORT_BY_NAME(SORT_BY_ALIGNMENT(._dma_driver_api.static.*)))
                0x0800313c                        _dma_driver_api_list_end = .
                0x0800313c                        _dma_driver_api_ext_end = .
                0x0800313c                        _edac_driver_api_list_start = .
 *(SORT_BY_NAME(SORT_BY_ALIGNMENT(._edac_driver_api.static.*)))
                0x0800313c                        _edac_driver_api_list_end = .
                0x0800313c                        _edac_driver_api_ext_end = .
                0x0800313c                        _eeprom_driver_api_list_start = .
 *(SORT_BY_NAME(SORT_BY_ALIGNMENT(._eeprom_driver_api.static.*)))
                0x0800313c                        _eeprom_driver_api_list_end = .
                0x0800313c                        _eeprom_driver_api_ext_end = .
                0x0800313c                        _emul_bbram_driver_api_list_start = .
 *(SORT_BY_NAME(SORT_BY_ALIGNMENT(._emul_bbram_driver_api.static.*)))
                0x0800313c                        _emul_bbram_driver_api_list_end = .
                0x0800313c                        _emul_bbram_driver_api_ext_end = .
                0x0800313c                        _fuel_gauge_emul_driver_api_list_start = .
 *(SORT_BY_NAME(SORT_BY_ALIGNMENT(._fuel_gauge_emul_driver_api.static.*)))
                0x0800313c                        _fuel_gauge_emul_driver_api_list_end = .
                0x0800313c                        _fuel_gauge_emul_driver_api_ext_end = .
                0x0800313c                        _emul_sensor_driver_api_list_start = .
 *(SORT_BY_NAME(SORT_BY_ALIGNMENT(._emul_sensor_driver_api.static.*)))
                0x0800313c                        _emul_sensor_driver_api_list_end = .
                0x0800313c                        _emul_sensor_driver_api_ext_end = .
                0x0800313c                        _entropy_driver_api_list_start = .
 *(SORT_BY_NAME(SORT_BY_ALIGNMENT(._entropy_driver_api.static.*)))
                0x0800313c                        _entropy_driver_api_list_end = .
                0x0800313c                        _entropy_driver_api_ext_end = .
                0x0800313c                        _espi_driver_api_list_start = .
 *(SORT_BY_NAME(SORT_BY_ALIGNMENT(._espi_driver_api.static.*)))
                0x0800313c                        _espi_driver_api_list_end = .
                0x0800313c                        _emul_espi_driver_api_list_start = .
 *(SORT_BY_NAME(SORT_BY_ALIGNMENT(._emul_espi_driver_api.static.*)))
                0x0800313c                        _emul_espi_driver_api_list_end = .
                0x0800313c                        _emul_espi_driver_api_ext_end = .
                0x0800313c                        _espi_driver_api_ext_end = .
                0x0800313c                        _espi_saf_driver_api_list_start = .
 *(SORT_BY_NAME(SORT_BY_ALIGNMENT(._espi_saf_driver_api.static.*)))
                0x0800313c                        _espi_saf_driver_api_list_end = .
                0x0800313c                        _espi_saf_driver_api_ext_end = .
                0x0800313c                        _flash_driver_api_list_start = .
 *(SORT_BY_NAME(SORT_BY_ALIGNMENT(._flash_driver_api.static.*)))
                0x0800313c                        _flash_driver_api_list_end = .
                0x0800313c                        _flash_driver_api_ext_end = .
                0x0800313c                        _fpga_driver_api_list_start = .
 *(SORT_BY_NAME(SORT_BY_ALIGNMENT(._fpga_driver_api.static.*)))
                0x0800313c                        _fpga_driver_api_list_end = .
                0x0800313c                        _fpga_driver_api_ext_end = .
                0x0800313c                        _fuel_gauge_driver_api_list_start = .
 *(SORT_BY_NAME(SORT_BY_ALIGNMENT(._fuel_gauge_driver_api.static.*)))
                0x0800313c                        _fuel_gauge_driver_api_list_end = .
                0x0800313c                        _fuel_gauge_driver_api_ext_end = .
                0x0800313c                        _gnss_driver_api_list_start = .
 *(SORT_BY_NAME(SORT_BY_ALIGNMENT(._gnss_driver_api.static.*)))
                0x0800313c                        _gnss_driver_api_list_end = .
                0x0800313c                        _gnss_driver_api_ext_end = .
                0x0800313c                        _gpio_driver_api_list_start = .
 *(SORT_BY_NAME(SORT_BY_ALIGNMENT(._gpio_driver_api.static.*)))
 ._gpio_driver_api.static.dummy_gpio_api_
                0x0800313c       0x24 zephyr/libzephyr.a(gpioport_mgr.c.obj)
                0x08003160                        _gpio_driver_api_list_end = .
                0x08003160                        _gpio_driver_api_ext_end = .
                0x08003160                        _haptics_driver_api_list_start = .
 *(SORT_BY_NAME(SORT_BY_ALIGNMENT(._haptics_driver_api.static.*)))
                0x08003160                        _haptics_driver_api_list_end = .
                0x08003160                        _haptics_driver_api_ext_end = .
                0x08003160                        _hwspinlock_driver_api_list_start = .
 *(SORT_BY_NAME(SORT_BY_ALIGNMENT(._hwspinlock_driver_api.static.*)))
                0x08003160                        _hwspinlock_driver_api_list_end = .
                0x08003160                        _hwspinlock_driver_api_ext_end = .
                0x08003160                        _i2c_driver_api_list_start = .
 *(SORT_BY_NAME(SORT_BY_ALIGNMENT(._i2c_driver_api.static.*)))
                0x08003160                        _i2c_driver_api_list_end = .
                0x08003160                        _i3c_driver_api_list_start = .
 *(SORT_BY_NAME(SORT_BY_ALIGNMENT(._i3c_driver_api.static.*)))
                0x08003160                        _i3c_driver_api_list_end = .
                0x08003160                        _i3c_driver_api_ext_end = .
                0x08003160                        _i2c_driver_api_ext_end = .
                0x08003160                        _i2c_target_driver_api_list_start = .
 *(SORT_BY_NAME(SORT_BY_ALIGNMENT(._i2c_target_driver_api.static.*)))
                0x08003160                        _i2c_target_driver_api_list_end = .
                0x08003160                        _i2c_target_driver_api_ext_end = .
                0x08003160                        _i2s_driver_api_list_start = .
 *(SORT_BY_NAME(SORT_BY_ALIGNMENT(._i2s_driver_api.static.*)))
                0x08003160                        _i2s_driver_api_list_end = .
                0x08003160                        _i2s_driver_api_ext_end = .
                0x08003160                        _ipm_driver_api_list_start = .
 *(SORT_BY_NAME(SORT_BY_ALIGNMENT(._ipm_driver_api.static.*)))
                0x08003160                        _ipm_driver_api_list_end = .
                0x08003160                        _ipm_driver_api_ext_end = .
                0x08003160                        _led_driver_api_list_start = .
 *(SORT_BY_NAME(SORT_BY_ALIGNMENT(._led_driver_api.static.*)))
                0x08003160                        _led_driver_api_list_end = .
                0x08003160                        _led_driver_api_ext_end = .
                0x08003160                        _led_strip_driver_api_list_start = .
 *(SORT_BY_NAME(SORT_BY_ALIGNMENT(._led_strip_driver_api.static.*)))
                0x08003160                        _led_strip_driver_api_list_end = .
                0x08003160                        _led_strip_driver_api_ext_end = .
                0x08003160                        _lora_driver_api_list_start = .
 *(SORT_BY_NAME(SORT_BY_ALIGNMENT(._lora_driver_api.static.*)))
                0x08003160                        _lora_driver_api_list_end = .
                0x08003160                        _lora_driver_api_ext_end = .
                0x08003160                        _mbox_driver_api_list_start = .
 *(SORT_BY_NAME(SORT_BY_ALIGNMENT(._mbox_driver_api.static.*)))
                0x08003160                        _mbox_driver_api_list_end = .
                0x08003160                        _mbox_driver_api_ext_end = .
                0x08003160                        _mdio_driver_api_list_start = .
 *(SORT_BY_NAME(SORT_BY_ALIGNMENT(._mdio_driver_api.static.*)))
                0x08003160                        _mdio_driver_api_list_end = .
                0x08003160                        _mdio_driver_api_ext_end = .
                0x08003160                        _memc_driver_api_list_start = .
 *(SORT_BY_NAME(SORT_BY_ALIGNMENT(._memc_driver_api.static.*)))
                0x08003160                        _memc_driver_api_list_end = .
                0x08003160                        _memc_driver_api_ext_end = .
                0x08003160                        _mipi_dbi_driver_api_list_start = .
 *(SORT_BY_NAME(SORT_BY_ALIGNMENT(._mipi_dbi_driver_api.static.*)))
                0x08003160                        _mipi_dbi_driver_api_list_end = .
                0x08003160                        _mipi_dbi_driver_api_ext_end = .
                0x08003160                        _mipi_dsi_driver_api_list_start = .
 *(SORT_BY_NAME(SORT_BY_ALIGNMENT(._mipi_dsi_driver_api.static.*)))
                0x08003160                        _mipi_dsi_driver_api_list_end = .
                0x08003160                        _mipi_dsi_driver_api_ext_end = .
                0x08003160                        _mspi_driver_api_list_start = .
 *(SORT_BY_NAME(SORT_BY_ALIGNMENT(._mspi_driver_api.static.*)))
                0x08003160                        _mspi_driver_api_list_end = .
                0x08003160                        _emul_mspi_driver_api_list_start = .
 *(SORT_BY_NAME(SORT_BY_ALIGNMENT(._emul_mspi_driver_api.static.*)))
                0x08003160                        _emul_mspi_driver_api_list_end = .
                0x08003160                        _emul_mspi_driver_api_ext_end = .
                0x08003160                        _mspi_driver_api_ext_end = .
                0x08003160                        _opamp_driver_api_list_start = .
 *(SORT_BY_NAME(SORT_BY_ALIGNMENT(._opamp_driver_api.static.*)))
                0x08003160                        _opamp_driver_api_list_end = .
                0x08003160                        _opamp_driver_api_ext_end = .
                0x08003160                        _otp_driver_api_list_start = .
 *(SORT_BY_NAME(SORT_BY_ALIGNMENT(._otp_driver_api.static.*)))
                0x08003160                        _otp_driver_api_list_end = .
                0x08003160                        _otp_driver_api_ext_end = .
                0x08003160                        _peci_driver_api_list_start = .
 *(SORT_BY_NAME(SORT_BY_ALIGNMENT(._peci_driver_api.static.*)))
                0x08003160                        _peci_driver_api_list_end = .
                0x08003160                        _peci_driver_api_ext_end = .
                0x08003160                        _ps2_driver_api_list_start = .
 *(SORT_BY_NAME(SORT_BY_ALIGNMENT(._ps2_driver_api.static.*)))
                0x08003160                        _ps2_driver_api_list_end = .
                0x08003160                        _ps2_driver_api_ext_end = .
                0x08003160                        _ptp_clock_driver_api_list_start = .
 *(SORT_BY_NAME(SORT_BY_ALIGNMENT(._ptp_clock_driver_api.static.*)))
                0x08003160                        _ptp_clock_driver_api_list_end = .
                0x08003160                        _ptp_clock_driver_api_ext_end = .
                0x08003160                        _pwm_driver_api_list_start = .
 *(SORT_BY_NAME(SORT_BY_ALIGNMENT(._pwm_driver_api.static.*)))
                0x08003160                        _pwm_driver_api_list_end = .
                0x08003160                        _pwm_driver_api_ext_end = .
                0x08003160                        _regulator_parent_driver_api_list_start = .
 *(SORT_BY_NAME(SORT_BY_ALIGNMENT(._regulator_parent_driver_api.static.*)))
                0x08003160                        _regulator_parent_driver_api_list_end = .
                0x08003160                        _regulator_parent_driver_api_ext_end = .
                0x08003160                        _regulator_driver_api_list_start = .
 *(SORT_BY_NAME(SORT_BY_ALIGNMENT(._regulator_driver_api.static.*)))
                0x08003160                        _regulator_driver_api_list_end = .
                0x08003160                        _regulator_driver_api_ext_end = .
                0x08003160                        _retained_mem_driver_api_list_start = .
 *(SORT_BY_NAME(SORT_BY_ALIGNMENT(._retained_mem_driver_api.static.*)))
                0x08003160                        _retained_mem_driver_api_list_end = .
                0x08003160                        _retained_mem_driver_api_ext_end = .
                0x08003160                        _rtc_driver_api_list_start = .
 *(SORT_BY_NAME(SORT_BY_ALIGNMENT(._rtc_driver_api.static.*)))
                0x08003160                        _rtc_driver_api_list_end = .
                0x08003160                        _rtc_driver_api_ext_end = .
                0x08003160                        _sdhc_driver_api_list_start = .
 *(SORT_BY_NAME(SORT_BY_ALIGNMENT(._sdhc_driver_api.static.*)))
                0x08003160                        _sdhc_driver_api_list_end = .
                0x08003160                        _sdhc_driver_api_ext_end = .
                0x08003160                        _sensor_driver_api_list_start = .
 *(SORT_BY_NAME(SORT_BY_ALIGNMENT(._sensor_driver_api.static.*)))
                0x08003160                        _sensor_driver_api_list_end = .
                0x08003160                        _sensor_driver_api_ext_end = .
                0x08003160                        _smbus_driver_api_list_start = .
 *(SORT_BY_NAME(SORT_BY_ALIGNMENT(._smbus_driver_api.static.*)))
                0x08003160                        _smbus_driver_api_list_end = .
                0x08003160                        _smbus_driver_api_ext_end = .
                0x08003160                        _spi_driver_api_list_start = .
 *(SORT_BY_NAME(SORT_BY_ALIGNMENT(._spi_driver_api.static.*)))
                0x08003160                        _spi_driver_api_list_end = .
                0x08003160                        _spi_driver_api_ext_end = .
                0x08003160                        _syscon_driver_api_list_start = .
 *(SORT_BY_NAME(SORT_BY_ALIGNMENT(._syscon_driver_api.static.*)))
                0x08003160                        _syscon_driver_api_list_end = .
                0x08003160                        _syscon_driver_api_ext_end = .
                0x08003160                        _tee_driver_api_list_start = .
 *(SORT_BY_NAME(SORT_BY_ALIGNMENT(._tee_driver_api.static.*)))
                0x08003160                        _tee_driver_api_list_end = .
                0x08003160                        _tee_driver_api_ext_end = .
                0x08003160                        _tgpio_driver_api_list_start = .
 *(SORT_BY_NAME(SORT_BY_ALIGNMENT(._tgpio_driver_api.static.*)))
                0x08003160                        _tgpio_driver_api_list_end = .
                0x08003160                        _tgpio_driver_api_ext_end = .
                0x08003160                        _uaol_driver_api_list_start = .
 *(SORT_BY_NAME(SORT_BY_ALIGNMENT(._uaol_driver_api.static.*)))
                0x08003160                        _uaol_driver_api_list_end = .
                0x08003160                        _uaol_driver_api_ext_end = .
                0x08003160                        _video_driver_api_list_start = .
 *(SORT_BY_NAME(SORT_BY_ALIGNMENT(._video_driver_api.static.*)))
                0x08003160                        _video_driver_api_list_end = .
                0x08003160                        _video_driver_api_ext_end = .
                0x08003160                        _virtio_driver_api_list_start = .
 *(SORT_BY_NAME(SORT_BY_ALIGNMENT(._virtio_driver_api.static.*)))
                0x08003160                        _virtio_driver_api_list_end = .
                0x08003160                        _virtio_driver_api_ext_end = .
                0x08003160                        _w1_driver_api_list_start = .
 *(SORT_BY_NAME(SORT_BY_ALIGNMENT(._w1_driver_api.static.*)))
                0x08003160                        _w1_driver_api_list_end = .
                0x08003160                        _w1_driver_api_ext_end = .
                0x08003160                        _wdt_driver_api_list_start = .
 *(SORT_BY_NAME(SORT_BY_ALIGNMENT(._wdt_driver_api.static.*)))
                0x08003160                        _wdt_driver_api_list_end = .
                0x08003160                        _wdt_driver_api_ext_end = .
                0x08003160                        _wuc_driver_api_list_start = .
 *(SORT_BY_NAME(SORT_BY_ALIGNMENT(._wuc_driver_api.static.*)))
                0x08003160                        _wuc_driver_api_list_end = .
                0x08003160                        _wuc_driver_api_ext_end = .
                0x08003160                        _can_transceiver_driver_api_list_start = .
 *(SORT_BY_NAME(SORT_BY_ALIGNMENT(._can_transceiver_driver_api.static.*)))
                0x08003160                        _can_transceiver_driver_api_list_end = .
                0x08003160                        _can_transceiver_driver_api_ext_end = .
                0x08003160                        _i3c_target_driver_api_list_start = .
 *(SORT_BY_NAME(SORT_BY_ALIGNMENT(._i3c_target_driver_api.static.*)))
                0x08003160                        _i3c_target_driver_api_list_end = .
                0x08003160                        _i3c_target_driver_api_ext_end = .
                0x08003160                        _its_driver_api_list_start = .
 *(SORT_BY_NAME(SORT_BY_ALIGNMENT(._its_driver_api.static.*)))
                0x08003160                        _its_driver_api_list_end = .
                0x08003160                        _its_driver_api_ext_end = .
                0x08003160                        _vtd_driver_api_list_start = .
 *(SORT_BY_NAME(SORT_BY_ALIGNMENT(._vtd_driver_api.static.*)))
                0x08003160                        _vtd_driver_api_list_end = .
                0x08003160                        _vtd_driver_api_ext_end = .
                0x08003160                        _renesas_elc_driver_api_list_start = .
 *(SORT_BY_NAME(SORT_BY_ALIGNMENT(._renesas_elc_driver_api.static.*)))
                0x08003160                        _renesas_elc_driver_api_list_end = .
                0x08003160                        _renesas_elc_driver_api_ext_end = .
                0x08003160                        _pcie_ctrl_driver_api_list_start = .
 *(SORT_BY_NAME(SORT_BY_ALIGNMENT(._pcie_ctrl_driver_api.static.*)))
                0x08003160                        _pcie_ctrl_driver_api_list_end = .
                0x08003160                        _pcie_ctrl_driver_api_ext_end = .
                0x08003160                        _pcie_ep_driver_api_list_start = .
 *(SORT_BY_NAME(SORT_BY_ALIGNMENT(._pcie_ep_driver_api.static.*)))
                0x08003160                        _pcie_ep_driver_api_list_end = .
                0x08003160                        _pcie_ep_driver_api_ext_end = .
                0x08003160                        _psi5_driver_api_list_start = .
 *(SORT_BY_NAME(SORT_BY_ALIGNMENT(._psi5_driver_api.static.*)))
                0x08003160                        _psi5_driver_api_list_end = .
                0x08003160                        _psi5_driver_api_ext_end = .
                0x08003160                        _sent_driver_api_list_start = .
 *(SORT_BY_NAME(SORT_BY_ALIGNMENT(._sent_driver_api.static.*)))
                0x08003160                        _sent_driver_api_list_end = .
                0x08003160                        _sent_driver_api_ext_end = .
                0x08003160                        _svc_driver_api_list_start = .
 *(SORT_BY_NAME(SORT_BY_ALIGNMENT(._svc_driver_api.static.*)))
                0x08003160                        _svc_driver_api_list_end = .
                0x08003160                        _svc_driver_api_ext_end = .
                0x08003160                        _stepper_driver_api_list_start = .
 *(SORT_BY_NAME(SORT_BY_ALIGNMENT(._stepper_driver_api.static.*)))
                0x08003160                        _stepper_driver_api_list_end = .
                0x08003160                        _stepper_driver_api_ext_end = .
                0x08003160                        _stepper_ctrl_driver_api_list_start = .
 *(SORT_BY_NAME(SORT_BY_ALIGNMENT(._stepper_ctrl_driver_api.static.*)))
                0x08003160                        _stepper_ctrl_driver_api_list_end = .
                0x08003160                        _stepper_ctrl_driver_api_ext_end = .
                0x08003160                        _uart_driver_api_list_start = .
 *(SORT_BY_NAME(SORT_BY_ALIGNMENT(._uart_driver_api.static.*)))
 ._uart_driver_api.static.uart_stm32_driver_api_
                0x08003160       0x4c zephyr/drivers/serial/libdrivers__serial.a(uart_stm32.c.obj)
                0x080031ac                        _uart_driver_api_list_end = .
                0x080031ac                        _uart_driver_api_ext_end = .
                0x080031ac                        _bc12_emul_driver_api_list_start = .
 *(SORT_BY_NAME(SORT_BY_ALIGNMENT(._bc12_emul_driver_api.static.*)))
                0x080031ac                        _bc12_emul_driver_api_list_end = .
                0x080031ac                        _bc12_emul_driver_api_ext_end = .
                0x080031ac                        _bc12_driver_api_list_start = .
 *(SORT_BY_NAME(SORT_BY_ALIGNMENT(._bc12_driver_api.static.*)))
                0x080031ac                        _bc12_driver_api_list_end = .
                0x080031ac                        _bc12_driver_api_ext_end = .
                0x080031ac                        _usbc_ppc_driver_api_list_start = .
 *(SORT_BY_NAME(SORT_BY_ALIGNMENT(._usbc_ppc_driver_api.static.*)))
                0x080031ac                        _usbc_ppc_driver_api_list_end = .
                0x080031ac                        _usbc_ppc_driver_api_ext_end = .
                0x080031ac                        _tcpc_driver_api_list_start = .
 *(SORT_BY_NAME(SORT_BY_ALIGNMENT(._tcpc_driver_api.static.*)))
                0x080031ac                        _tcpc_driver_api_list_end = .
                0x080031ac                        _tcpc_driver_api_ext_end = .
                0x080031ac                        _usbc_vbus_driver_api_list_start = .
 *(SORT_BY_NAME(SORT_BY_ALIGNMENT(._usbc_vbus_driver_api.static.*)))
                0x080031ac                        _usbc_vbus_driver_api_list_end = .
                0x080031ac                        _usbc_vbus_driver_api_ext_end = .
                0x080031ac                        _ivshmem_driver_api_list_start = .
 *(SORT_BY_NAME(SORT_BY_ALIGNMENT(._ivshmem_driver_api.static.*)))
                0x080031ac                        _ivshmem_driver_api_list_end = .
                0x080031ac                        _ivshmem_driver_api_ext_end = .
                0x080031ac                        _ethphy_driver_api_list_start = .
 *(SORT_BY_NAME(SORT_BY_ALIGNMENT(._ethphy_driver_api.static.*)))
                0x080031ac                        _ethphy_driver_api_list_end = .
                0x080031ac                        _ethphy_driver_api_ext_end = .

ztest           0x080031ac        0x0
                0x080031ac                        _ztest_expected_result_entry_list_start = .
 *(SORT_BY_NAME(SORT_BY_ALIGNMENT(._ztest_expected_result_entry.static.*)))
                0x080031ac                        _ztest_expected_result_entry_list_end = .
                0x080031ac                        _ztest_suite_node_list_start = .
 *(SORT_BY_NAME(SORT_BY_ALIGNMENT(._ztest_suite_node.static.*)))
                0x080031ac                        _ztest_suite_node_list_end = .
                0x080031ac                        _ztest_unit_test_list_start = .
 *(SORT_BY_NAME(SORT_BY_ALIGNMENT(._ztest_unit_test.static.*)))
                0x080031ac                        _ztest_unit_test_list_end = .
                0x080031ac                        _ztest_param_inst_list_start = .
 *(SORT_BY_NAME(SORT_BY_ALIGNMENT(._ztest_param_inst.static.*)))
                0x080031ac                        _ztest_param_inst_list_end = .
                0x080031ac                        _ztest_test_rule_list_start = .
 *(SORT_BY_NAME(SORT_BY_ALIGNMENT(._ztest_test_rule.static.*)))
                0x080031ac                        _ztest_test_rule_list_end = .

init_array      0x080031ac        0x0
                0x080031ac                        __zephyr_init_array_start = .
 *(SORT_BY_INIT_PRIORITY(.init_array.*) SORT_BY_INIT_PRIORITY(.ctors.*))
 *(SORT_BY_ALIGNMENT(.init_array) SORT_BY_ALIGNMENT(.ctors))
                0x080031ac                        __zephyr_init_array_end = .
                0x00000001                        ASSERT ((__zephyr_init_array_start == __zephyr_init_array_end), GNU-style constructors required but STATIC_INIT_GNU not enabled)

bt_l2cap_fixed_chan_area
                0x080031ac        0x0
                0x080031ac                        _bt_l2cap_fixed_chan_list_start = .
 *(SORT_BY_NAME(SORT_BY_ALIGNMENT(._bt_l2cap_fixed_chan.static.*)))
                0x080031ac                        _bt_l2cap_fixed_chan_list_end = .

bt_gatt_service_static_area
                0x080031ac        0x0
                0x080031ac                        _bt_gatt_service_static_list_start = .
 *(SORT_BY_NAME(SORT_BY_ALIGNMENT(._bt_gatt_service_static.static.*)))
                0x080031ac                        _bt_gatt_service_static_list_end = .

log_strings_area
                0x080031ac        0x0
                0x080031ac                        _log_strings_list_start = .
 *(SORT_BY_NAME(SORT_BY_ALIGNMENT(._log_strings.static.*)))
                0x080031ac                        _log_strings_list_end = .

log_stmesp_ptr_area
                0x080031ac        0x0
                0x080031ac                        _log_stmesp_ptr_list_start = .
 *(SORT_BY_NAME(SORT_BY_ALIGNMENT(._log_stmesp_ptr.static.*)))
                0x080031ac                        _log_stmesp_ptr_list_end = .

log_stmesp_str_area
                0x080031ac        0x0
                0x080031ac                        _log_stmesp_str_list_start = .
 *(SORT_BY_NAME(SORT_BY_ALIGNMENT(._log_stmesp_str.static.*)))
                0x080031ac                        _log_stmesp_str_list_end = .

log_const_area  0x080031ac        0x0
                0x080031ac                        _log_const_list_start = .
 *(SORT_BY_NAME(SORT_BY_ALIGNMENT(._log_const.static.*)))
                0x080031ac                        _log_const_list_end = .

log_backend_area
                0x080031ac        0x0
                0x080031ac                        _log_backend_list_start = .
 *(SORT_BY_NAME(SORT_BY_ALIGNMENT(._log_backend.static.*)))
                0x080031ac                        _log_backend_list_end = .

log_link_area   0x080031ac        0x0
                0x080031ac                        _log_link_list_start = .
 *(SORT_BY_NAME(SORT_BY_ALIGNMENT(._log_link.static.*)))
                0x080031ac                        _log_link_list_end = .

tracing_backend_area
                0x080031ac        0x0
                0x080031ac                        _tracing_backend_list_start = .
 *(SORT_BY_NAME(SORT_BY_ALIGNMENT(._tracing_backend.static.*)))
                0x080031ac                        _tracing_backend_list_end = .

zephyr_dbg_info
 *(SORT_BY_ALIGNMENT(.dbg_thread_info))

intc_table_area
                0x080031ac        0x0
                0x080031ac                        _intc_table_list_start = .
 *(SORT_BY_NAME(SORT_BY_ALIGNMENT(._intc_table.static.*)))
                0x080031ac                        _intc_table_list_end = .

symbol_to_keep  0x080031ac        0x0
                0x080031ac                        __symbol_to_keep_start = .
 *(SORT_BY_NAME(SORT_BY_ALIGNMENT(.symbol_to_keep*)))
                0x080031ac                        __symbol_to_keep_end = .

shell_area      0x080031ac        0x0
                0x080031ac                        _shell_list_start = .
 *(SORT_BY_NAME(SORT_BY_ALIGNMENT(._shell.static.*)))
                0x080031ac                        _shell_list_end = .

shell_root_cmds_area
                0x080031ac        0x0
                0x080031ac                        _shell_root_cmds_list_start = .
 *(SORT_BY_NAME(SORT_BY_ALIGNMENT(._shell_root_cmds.static.*)))
                0x080031ac                        _shell_root_cmds_list_end = .

shell_subcmds_area
                0x080031ac        0x0
                0x080031ac                        _shell_subcmds_list_start = .
 *(SORT_BY_NAME(SORT_BY_ALIGNMENT(._shell_subcmds.static.*)))
                0x080031ac                        _shell_subcmds_list_end = .

shell_dynamic_subcmds_area
                0x080031ac        0x0
                0x080031ac                        _shell_dynamic_subcmds_list_start = .
 *(SORT_BY_NAME(SORT_BY_ALIGNMENT(._shell_dynamic_subcmds.static.*)))
                0x080031ac                        _shell_dynamic_subcmds_list_end = .

shell_remote_area
                0x080031ac        0x0
                0x080031ac                        _shell_remote_list_start = .
 *(SORT_BY_NAME(SORT_BY_ALIGNMENT(._shell_remote.static.*)))
                0x080031ac                        _shell_remote_list_end = .

cfb_font_area   0x080031ac        0x0
                0x080031ac                        _cfb_font_list_start = .
 *(SORT_BY_NAME(SORT_BY_ALIGNMENT(._cfb_font.static.*)))
                0x080031ac                        _cfb_font_list_end = .

tdata           0x080031ac        0x0
 *(SORT_BY_ALIGNMENT(.tdata) SORT_BY_ALIGNMENT(.tdata.*) SORT_BY_ALIGNMENT(.gnu.linkonce.td.*))

tbss            0x080031ac        0x4
 *(SORT_BY_ALIGNMENT(.tbss) SORT_BY_ALIGNMENT(.tbss.*) SORT_BY_ALIGNMENT(.gnu.linkonce.tb.*) SORT_BY_ALIGNMENT(.tcommon))
 .tbss.z_tls_current
                0x080031ac        0x4 zephyr/libzephyr.a(thread_entry.c.obj)
                0x080031ac                z_tls_current
                0x080031ac                        PROVIDE (__tdata_start = LOADADDR (tdata))
                0x00000001                        PROVIDE (__tdata_align = ALIGNOF (tdata))
                0x00000000                        PROVIDE (__tdata_size = (((SIZEOF (tdata) + __tdata_align) - 0x1) & ~ ((__tdata_align - 0x1))))
                [!provide]                        PROVIDE (__tdata_end = (__tdata_start + __tdata_size))
                0x00000004                        PROVIDE (__tbss_align = ALIGNOF (tbss))
                [!provide]                        PROVIDE (__tbss_start = ADDR (tbss))
                0x00000004                        PROVIDE (__tbss_size = (((SIZEOF (tbss) + __tbss_align) - 0x1) & ~ ((__tbss_align - 0x1))))
                [!provide]                        PROVIDE (__tbss_end = (__tbss_start + __tbss_size))
                [!provide]                        PROVIDE (__tls_start = __tdata_start)
                [!provide]                        PROVIDE (__tls_size = (__tbss_end - __tdata_start))
                [!provide]                        PROVIDE (__tls_end = __tbss_end)

rodata          0x080031ac      0x414
 *(SORT_BY_ALIGNMENT(.rodata))
 .rodata        0x080031ac        0x8 zephyr/drivers/interrupt_controller/libdrivers__interrupt_controller.a(intc_exti_stm32.c.obj)
 *(SORT_BY_ALIGNMENT(.rodata.*))
 .rodata.gpio_stm32_cfg_f
                0x080031b4       0x14 zephyr/libzephyr.a(gpioport_mgr.c.obj)
 .rodata.gpio_stm32_cfg_d
                0x080031c8       0x14 zephyr/libzephyr.a(gpioport_mgr.c.obj)
 .rodata.gpio_stm32_cfg_c
                0x080031dc       0x14 zephyr/libzephyr.a(gpioport_mgr.c.obj)
 .rodata.gpio_stm32_cfg_b
                0x080031f0       0x14 zephyr/libzephyr.a(gpioport_mgr.c.obj)
 .rodata.gpio_stm32_cfg_a
                0x08003204       0x14 zephyr/libzephyr.a(gpioport_mgr.c.obj)
 .rodata.gpio_ports
                0x08003218       0x18 zephyr/libzephyr.a(gpioport_mgr.c.obj)
 .rodata.mem_attr_region
                0x08003230        0x0 zephyr/libzephyr.a(mem_attr.c.obj)
 .rodata.static_regions
                0x08003230        0xc zephyr/arch/arch/arm/core/mpu/libarch__arm__core__mpu.a(arm_core_mpu.c.obj)
 .rodata.mpu_config
                0x0800323c        0x8 zephyr/arch/arch/arm/core/mpu/libarch__arm__core__mpu.a(arm_mpu_regions.c.obj)
                0x0800323c                mpu_config
 .rodata.mpu_regions
                0x08003244       0x18 zephyr/arch/arch/arm/core/mpu/libarch__arm__core__mpu.a(arm_mpu_regions.c.obj)
 .rodata.reset_stm32_config
                0x0800325c        0x4 zephyr/drivers/reset/libdrivers__reset.a(reset_stm32.c.obj)
 .rodata.uart_stm32_cfg_1
                0x08003260       0x2c zephyr/drivers/serial/libdrivers__serial.a(uart_stm32.c.obj)
 .rodata.pclken_1
                0x0800328c        0x8 zephyr/drivers/serial/libdrivers__serial.a(uart_stm32.c.obj)
 .rodata.__pinctrl_dev_config__device_dts_ord_58
                0x08003294        0x8 zephyr/drivers/serial/libdrivers__serial.a(uart_stm32.c.obj)
 .rodata.__pinctrl_states__device_dts_ord_58
                0x0800329c        0x8 zephyr/drivers/serial/libdrivers__serial.a(uart_stm32.c.obj)
 .rodata.__pinctrl_state_pins_0__device_dts_ord_58
                0x080032a4        0x8 zephyr/drivers/serial/libdrivers__serial.a(uart_stm32.c.obj)
 .rodata.uart_stm32_cfg_0
                0x080032ac       0x2c zephyr/drivers/serial/libdrivers__serial.a(uart_stm32.c.obj)
 .rodata.pclken_0
                0x080032d8        0x8 zephyr/drivers/serial/libdrivers__serial.a(uart_stm32.c.obj)
 .rodata.__pinctrl_dev_config__device_dts_ord_63
                0x080032e0        0x8 zephyr/drivers/serial/libdrivers__serial.a(uart_stm32.c.obj)
 .rodata.__pinctrl_states__device_dts_ord_63
                0x080032e8        0x8 zephyr/drivers/serial/libdrivers__serial.a(uart_stm32.c.obj)
 .rodata.__pinctrl_state_pins_0__device_dts_ord_63
                0x080032f0        0x8 zephyr/drivers/serial/libdrivers__serial.a(uart_stm32.c.obj)
 .rodata.AHBPrescTable
                0x080032f8       0x40 modules/hal_stm32/stm32cube/lib..__modules__hal__stm32__stm32cube.a(system_stm32g0xx.c.obj)
                0x080032f8                AHBPrescTable
 .rodata.levels.0
                0x08003338       0x18 zephyr/kernel/libkernel.a(init.c.obj)
 .rodata.CSWTCH.112
                0x08003350        0x6 zephyr/drivers/serial/libdrivers__serial.a(uart_stm32.c.obj)
 .rodata.main.str1.1
                0x08003356      0x264 app/libapp.a(main.c.obj)
                                  0xe (size before relaxing)
 .rodata.boot_banner.str1.1
                0x080035ba       0x3b zephyr/libzephyr.a(boot_banner.c.obj)
 .rodata.str1.1
                0x080035ba       0x46 zephyr/libzephyr.a(gpioport_mgr.c.obj)
 .rodata.z_arm_fatal_error.str1.1
                0x080035ba       0xb3 zephyr/arch/arch/arm/core/libarch__arm__core.a(fatal.c.obj)
 .rodata.z_arm_fault.str1.1
                0x080035ba       0xa3 zephyr/arch/arch/arm/core/cortex_m/libarch__arm__core__cortex_m.a(fault.c.obj)
 .rodata.str1.1
                0x080035ba        0xf zephyr/arch/arch/arm/core/mpu/libarch__arm__core__mpu.a(arm_mpu_regions.c.obj)
 .rodata.str1.1
                0x080035ba       0x1e zephyr/drivers/interrupt_controller/libdrivers__interrupt_controller.a(intc_exti_stm32.c.obj)
 .rodata.line_range_2.0
                0x080035ba        0x2 zephyr/drivers/interrupt_controller/libdrivers__interrupt_controller.a(intc_gpio_stm32.c.obj)
 .rodata.line_range_1.1
                0x080035bc        0x2 zephyr/drivers/interrupt_controller/libdrivers__interrupt_controller.a(intc_gpio_stm32.c.obj)
 .rodata.line_range_0.2
                0x080035be        0x2 zephyr/drivers/interrupt_controller/libdrivers__interrupt_controller.a(intc_gpio_stm32.c.obj)
 .rodata.str1.1
                0x080035c0        0xd zephyr/drivers/clock_control/libdrivers__clock_control.a(clock_stm32_ll_common.c.obj)
 .rodata.str1.1
                0x080035c0       0x11 zephyr/drivers/reset/libdrivers__reset.a(reset_stm32.c.obj)
 .rodata.str1.1
                0x080035c0       0x20 zephyr/drivers/serial/libdrivers__serial.a(uart_stm32.c.obj)
 .rodata.z_cstart.str1.1
                0x080035c0        0x5 zephyr/kernel/libkernel.a(init.c.obj)
 .rodata.__l_vfprintf.str1.1
                0x080035c0        0xf C:/zephyrproject/zephyr-sdk-1.0.1/gnu/arm-zephyr-eabi/bin/../lib/gcc/arm-zephyr-eabi/14.3.0/../../../../arm-zephyr-eabi/lib/thumb/v6-m/nofp/space\libc.a(libc_tinystdio_vflprintf.c.o)
 *(SORT_BY_ALIGNMENT(.gnu.linkonce.r.*))
                0x08003670                        . = ALIGN (0x4)
                [!provide]                        PROVIDE (__eh_frame_start = 0x0)
                [!provide]                        PROVIDE (__eh_frame_end = 0x0)
                [!provide]                        PROVIDE (__eh_frame_hdr_start = 0x0)
                [!provide]                        PROVIDE (__eh_frame_hdr_end = 0x0)

/DISCARD/
 *(SORT_BY_ALIGNMENT(.eh_frame))
                0x080035c0                        __rodata_region_end = .
                0x08003700                        . = ALIGN (_region_min_align)
                0x08004000                        . = ALIGN ((0x1 << LOG2CEIL ((__rodata_region_end - ADDR (rom_start)))))
                0x08004000                        __rom_region_end = ((__rom_region_start + .) - ADDR (rom_start))
                0x00004000                        __rom_region_size = (__rom_region_end - __rom_region_start)

/DISCARD/
 *(SORT_BY_ALIGNMENT(.got.plt))
 *(SORT_BY_ALIGNMENT(.igot.plt))
 *(SORT_BY_ALIGNMENT(.got))
 *(SORT_BY_ALIGNMENT(.igot))
                0x20000000                        . = 0x20000000
                0x20000000                        . = ALIGN (_region_min_align)
                0x20000000                        _image_ram_start = .

.ramfunc        0x20000000        0x0 load address 0x080035c0
                0x20000000                        __ramfunc_region_start = .
                0x20000000                        . = ALIGN (_region_min_align)
                0x20000000                        . = ALIGN ((0x1 << LOG2CEIL (__ramfunc_size)))
                0x20000000                        __ramfunc_start = .
 *(SORT_BY_ALIGNMENT(.ramfunc))
 *(SORT_BY_ALIGNMENT(.ramfunc.*))
                0x20000000                        . = ALIGN (_region_min_align)
                0x20000000                        . = ALIGN ((0x1 << LOG2CEIL (__ramfunc_size)))
                0x20000000                        __ramfunc_end = .
                0x00000000                        __ramfunc_size = (__ramfunc_end - __ramfunc_start)
                0x080035c0                        __ramfunc_load_start = LOADADDR (.ramfunc)

datas           0x20000000       0x60 load address 0x080035c0
                0x20000000                        __data_region_start = .
                0x20000000                        __data_start = .
 *(SORT_BY_ALIGNMENT(.data))
 *(SORT_BY_ALIGNMENT(.data.*))
 .data._char_out
                0x20000000        0x4 zephyr/libzephyr.a(printk.c.obj)
 .data.__stdout
                0x20000004       0x10 zephyr/lib/libc/picolibc/liblib__libc__picolibc.a(stdio.c.obj)
 .data.uart_stm32_data_1
                0x20000014        0xc zephyr/drivers/serial/libdrivers__serial.a(uart_stm32.c.obj)
 .data.uart_cfg_1
                0x20000020        0x8 zephyr/drivers/serial/libdrivers__serial.a(uart_stm32.c.obj)
 .data.uart_stm32_data_0
                0x20000028        0xc zephyr/drivers/serial/libdrivers__serial.a(uart_stm32.c.obj)
 .data.uart_cfg_0
                0x20000034        0x8 zephyr/drivers/serial/libdrivers__serial.a(uart_stm32.c.obj)
 .data.SystemCoreClock
                0x2000003c        0x4 modules/hal_stm32/stm32cube/lib..__modules__hal__stm32__stm32cube.a(system_stm32g0xx.c.obj)
                0x2000003c                SystemCoreClock
 .data.slice_ticks
                0x20000040        0x4 zephyr/kernel/libkernel.a(timeslicing.c.obj)
 .data.announcing_cpu
                0x20000044        0x4 zephyr/kernel/libkernel.a(timeout.c.obj)
 .data.timeout_list
                0x20000048        0x8 zephyr/kernel/libkernel.a(timeout.c.obj)
 .data.exti_irq_table
                0x20000050       0x10 zephyr/drivers/interrupt_controller/libdrivers__interrupt_controller.a(intc_gpio_stm32.c.obj)
 *(SORT_BY_ALIGNMENT(.kernel.*))
                0x20000060                        __data_end = .
                0x00000060                        __data_size = (__data_end - __data_start)
                0x080035c0                        __data_load_start = LOADADDR (datas)
                0x080035c0                        __data_region_load_start = LOADADDR (datas)

device_states   0x20000060       0x14 load address 0x08003620
                0x20000060                        . = ALIGN (0x4)
                0x20000060                        __device_states_start = .
 *(SORT_BY_ALIGNMENT(.z_devstate))
 .z_devstate    0x20000060        0xa zephyr/libzephyr.a(gpioport_mgr.c.obj)
 .z_devstate    0x2000006a        0x2 zephyr/drivers/interrupt_controller/libdrivers__interrupt_controller.a(intc_exti_stm32.c.obj)
 .z_devstate    0x2000006c        0x2 zephyr/drivers/clock_control/libdrivers__clock_control.a(clock_stm32_ll_common.c.obj)
 .z_devstate    0x2000006e        0x2 zephyr/drivers/reset/libdrivers__reset.a(reset_stm32.c.obj)
 .z_devstate    0x20000070        0x4 zephyr/drivers/serial/libdrivers__serial.a(uart_stm32.c.obj)
 *(SORT_BY_ALIGNMENT(.z_devstate.*))
                0x20000074                        __device_states_end = .
                0x20000074                        . = ALIGN (0x4)

log_mpsc_pbuf_area
                0x20000074        0x0 load address 0x08003634
                0x20000074                        _log_mpsc_pbuf_list_start = .
 *(SORT_BY_NAME(SORT_BY_ALIGNMENT(._log_mpsc_pbuf.static.*)))
                0x20000074                        _log_mpsc_pbuf_list_end = .

log_msg_ptr_area
                0x20000074        0x0 load address 0x08003634
                0x20000074                        _log_msg_ptr_list_start = .
 *(SORT_BY_NAME(SORT_BY_ALIGNMENT(._log_msg_ptr.static.*)))
                0x20000074                        _log_msg_ptr_list_end = .

log_dynamic_area
                0x20000074        0x0 load address 0x08003634
                0x20000074                        _log_dynamic_list_start = .
 *(SORT_BY_NAME(SORT_BY_ALIGNMENT(._log_dynamic.static.*)))
                0x20000074                        _log_dynamic_list_end = .

k_timer_area    0x20000074        0x0 load address 0x08003634
                0x20000074                        _k_timer_list_start = .
 *(SORT_BY_NAME(SORT_BY_ALIGNMENT(._k_timer.static.*)))
                0x20000074                        _k_timer_list_end = .

k_mem_slab_area
                0x20000074        0x0 load address 0x08003634
                0x20000074                        _k_mem_slab_list_start = .
 *(SORT_BY_NAME(SORT_BY_ALIGNMENT(._k_mem_slab.static.*)))
                0x20000074                        _k_mem_slab_list_end = .

k_heap_area     0x20000074        0x0 load address 0x08003634
                0x20000074                        _k_heap_list_start = .
 *(SORT_BY_NAME(SORT_BY_ALIGNMENT(._k_heap.static.*)))
                0x20000074                        _k_heap_list_end = .

k_mutex_area    0x20000074        0x0 load address 0x08003634
                0x20000074                        _k_mutex_list_start = .
 *(SORT_BY_NAME(SORT_BY_ALIGNMENT(._k_mutex.static.*)))
                0x20000074                        _k_mutex_list_end = .

k_stack_area    0x20000074        0x0 load address 0x08003634
                0x20000074                        _k_stack_list_start = .
 *(SORT_BY_NAME(SORT_BY_ALIGNMENT(._k_stack.static.*)))
                0x20000074                        _k_stack_list_end = .

k_msgq_area     0x20000074        0x0 load address 0x08003634
                0x20000074                        _k_msgq_list_start = .
 *(SORT_BY_NAME(SORT_BY_ALIGNMENT(._k_msgq.static.*)))
                0x20000074                        _k_msgq_list_end = .
